../Core/STM32_AcousticEC_Library/Src/Echo_library.c:102:10:libSpeexAEC_GetLibVersion	16	static
../Core/STM32_AcousticEC_Library/Src/Echo_library.c:202:10:libSpeexAEC_getMemorySize	0	static
../Core/STM32_AcousticEC_Library/Src/Echo_library.c:229:10:libSpeexAEC_setConfig	8	static
../Core/STM32_AcousticEC_Library/Src/Echo_library.c:290:10:libSpeexAEC_getConfig	0	static
../Core/STM32_AcousticEC_Library/Src/Echo_library.c:308:10:libSpeexAEC_Process	16	static
../Core/STM32_AcousticEC_Library/Src/Echo_library.c:362:10:libSpeexAEC_Data_Input	24	static
../Core/STM32_AcousticEC_Library/Src/Echo_library.c:401:6:libSpeexAEC_fft_init	8	static
../Core/STM32_AcousticEC_Library/Src/Echo_library.c:107:10:libSpeexAEC_Init	48	static
../Core/STM32_AcousticEC_Library/Src/Echo_library.c:406:6:libSpeexAEC_fft	8	static
../Core/STM32_AcousticEC_Library/Src/Echo_library.c:417:6:libSpeexAEC_ifft	8	static
