../Core/STM32_AcousticEC_Library/Src/preprocess.c:614:13:update_noise_prob	8	static
../Core/STM32_AcousticEC_Library/Src/preprocess.c:198:13:conj_window	24	static
../Core/STM32_AcousticEC_Library/Src/preprocess.c:550:13:Preprocess_analize	24	static
../Core/STM32_AcousticEC_Library/Src/preprocess.c:354:13:compute_gain_floor	56	static
../Core/STM32_AcousticEC_Library/Src/preprocess.c:491:13:simple_agc	48	static
../Core/STM32_AcousticEC_Library/Src/preprocess.c:372:6:Preprocess_init	24	static
../Core/STM32_AcousticEC_Library/Src/preprocess.c:685:5:Preprocess	80	static
../Core/STM32_AcousticEC_Library/Src/preprocess.c:914:5:Preprocess_setup	16	static
