../Core/STM32_AcousticEC_Library/Src/smallft.c:142:13:dradf2	64	static
../Core/STM32_AcousticEC_Library/Src/smallft.c:202:13:dradf4	80	static
../Core/STM32_AcousticEC_Library/Src/smallft.c:718:13:dradb2	56	static
../Core/STM32_AcousticEC_Library/Src/smallft.c:775:13:dradb3	72	static
../Core/STM32_AcousticEC_Library/Src/smallft.c:842:13:dradb4	80	static
../Core/STM32_AcousticEC_Library/Src/smallft.c:309:13:dradfg	104	static
../Core/STM32_AcousticEC_Library/Src/smallft.c:650:13:drftf1	72	static
../Core/STM32_AcousticEC_Library/Src/smallft.c:938:13:dradbg	120	static
../Core/STM32_AcousticEC_Library/Src/smallft.c:1286:13:drftb1	80	static
../Core/STM32_AcousticEC_Library/Src/smallft.c:58:13:drfti1	88	static
../Core/STM32_AcousticEC_Library/Src/smallft.c:137:13:fdrffti	8	static
../Core/STM32_AcousticEC_Library/Src/smallft.c:1383:6:drft_forward	16	static
../Core/STM32_AcousticEC_Library/Src/smallft.c:1388:6:drft_backward	16	static
../Core/STM32_AcousticEC_Library/Src/smallft.c:1393:6:drft_init	8	static
