Archive member included to satisfy reference by file (symbol)

../Middlewares/ST/ARM/DSP/Lib\libarm_cortexM4lf_math.a(arm_cmplx_mult_cmplx_f32.o)
                              ./Core/STM32_AcousticEC_Library/Src/echo.o (arm_cmplx_mult_cmplx_f32)
../Middlewares/ST/ARM/DSP/Lib\libarm_cortexM4lf_math.a(arm_cmplx_mag_squared_f32.o)
                              ./Core/STM32_AcousticEC_Library/Src/echo.o (arm_cmplx_mag_squared_f32)
../Middlewares/ST/ARM/DSP/Lib\libarm_cortexM4lf_math.a(arm_mult_f32.o)
                              ./Core/STM32_AcousticEC_Library/Src/echo.o (arm_mult_f32)
../Middlewares/ST/ARM/DSP/Lib\libarm_cortexM4lf_math.a(arm_dot_prod_f32.o)
                              ./Core/STM32_AcousticEC_Library/Src/echo.o (arm_dot_prod_f32)
C:/ST/STM32CubeIDE_1.10.1/STM32CubeIDE/plugins/com.st.stm32cube.ide.mcu.externaltools.gnu-tools-for-stm32.11.3.rel1.win32_1.1.100.202309141235/tools/bin/../lib/gcc/arm-none-eabi/11.3.1/../../../../arm-none-eabi/lib/thumb/v7e-m+fp/hard\libc_nano.a(libc_a-exit.o)
                              C:/ST/STM32CubeIDE_1.10.1/STM32CubeIDE/plugins/com.st.stm32cube.ide.mcu.externaltools.gnu-tools-for-stm32.11.3.rel1.win32_1.1.100.202309141235/tools/bin/../lib/gcc/arm-none-eabi/11.3.1/../../../../arm-none-eabi/lib/thumb/v7e-m+fp/hard/crt0.o (exit)
C:/ST/STM32CubeIDE_1.10.1/STM32CubeIDE/plugins/com.st.stm32cube.ide.mcu.externaltools.gnu-tools-for-stm32.11.3.rel1.win32_1.1.100.202309141235/tools/bin/../lib/gcc/arm-none-eabi/11.3.1/../../../../arm-none-eabi/lib/thumb/v7e-m+fp/hard\libc_nano.a(libc_a-malloc.o)
                              ./Core/Src/main.o (malloc)
C:/ST/STM32CubeIDE_1.10.1/STM32CubeIDE/plugins/com.st.stm32cube.ide.mcu.externaltools.gnu-tools-for-stm32.11.3.rel1.win32_1.1.100.202309141235/tools/bin/../lib/gcc/arm-none-eabi/11.3.1/../../../../arm-none-eabi/lib/thumb/v7e-m+fp/hard\libc_nano.a(libc_a-mallocr.o)
                              C:/ST/STM32CubeIDE_1.10.1/STM32CubeIDE/plugins/com.st.stm32cube.ide.mcu.externaltools.gnu-tools-for-stm32.11.3.rel1.win32_1.1.100.202309141235/tools/bin/../lib/gcc/arm-none-eabi/11.3.1/../../../../arm-none-eabi/lib/thumb/v7e-m+fp/hard\libc_nano.a(libc_a-malloc.o) (_malloc_r)
C:/ST/STM32CubeIDE_1.10.1/STM32CubeIDE/plugins/com.st.stm32cube.ide.mcu.externaltools.gnu-tools-for-stm32.11.3.rel1.win32_1.1.100.202309141235/tools/bin/../lib/gcc/arm-none-eabi/11.3.1/../../../../arm-none-eabi/lib/thumb/v7e-m+fp/hard\libc_nano.a(libc_a-mlock.o)
                              C:/ST/STM32CubeIDE_1.10.1/STM32CubeIDE/plugins/com.st.stm32cube.ide.mcu.externaltools.gnu-tools-for-stm32.11.3.rel1.win32_1.1.100.202309141235/tools/bin/../lib/gcc/arm-none-eabi/11.3.1/../../../../arm-none-eabi/lib/thumb/v7e-m+fp/hard\libc_nano.a(libc_a-mallocr.o) (__malloc_lock)
C:/ST/STM32CubeIDE_1.10.1/STM32CubeIDE/plugins/com.st.stm32cube.ide.mcu.externaltools.gnu-tools-for-stm32.11.3.rel1.win32_1.1.100.202309141235/tools/bin/../lib/gcc/arm-none-eabi/11.3.1/../../../../arm-none-eabi/lib/thumb/v7e-m+fp/hard\libc_nano.a(libc_a-findfp.o)
                              C:/ST/STM32CubeIDE_1.10.1/STM32CubeIDE/plugins/com.st.stm32cube.ide.mcu.externaltools.gnu-tools-for-stm32.11.3.rel1.win32_1.1.100.202309141235/tools/bin/../lib/gcc/arm-none-eabi/11.3.1/../../../../arm-none-eabi/lib/thumb/v7e-m+fp/hard\libc_nano.a(libc_a-exit.o) (__stdio_exit_handler)
C:/ST/STM32CubeIDE_1.10.1/STM32CubeIDE/plugins/com.st.stm32cube.ide.mcu.externaltools.gnu-tools-for-stm32.11.3.rel1.win32_1.1.100.202309141235/tools/bin/../lib/gcc/arm-none-eabi/11.3.1/../../../../arm-none-eabi/lib/thumb/v7e-m+fp/hard\libc_nano.a(libc_a-fwalk.o)
                              C:/ST/STM32CubeIDE_1.10.1/STM32CubeIDE/plugins/com.st.stm32cube.ide.mcu.externaltools.gnu-tools-for-stm32.11.3.rel1.win32_1.1.100.202309141235/tools/bin/../lib/gcc/arm-none-eabi/11.3.1/../../../../arm-none-eabi/lib/thumb/v7e-m+fp/hard\libc_nano.a(libc_a-findfp.o) (_fwalk_sglue)
C:/ST/STM32CubeIDE_1.10.1/STM32CubeIDE/plugins/com.st.stm32cube.ide.mcu.externaltools.gnu-tools-for-stm32.11.3.rel1.win32_1.1.100.202309141235/tools/bin/../lib/gcc/arm-none-eabi/11.3.1/../../../../arm-none-eabi/lib/thumb/v7e-m+fp/hard\libc_nano.a(libc_a-snprintf.o)
                              ./Core/STM32_AcousticEC_Library/Src/Echo_library.o (snprintf)
C:/ST/STM32CubeIDE_1.10.1/STM32CubeIDE/plugins/com.st.stm32cube.ide.mcu.externaltools.gnu-tools-for-stm32.11.3.rel1.win32_1.1.100.202309141235/tools/bin/../lib/gcc/arm-none-eabi/11.3.1/../../../../arm-none-eabi/lib/thumb/v7e-m+fp/hard\libc_nano.a(libc_a-stdio.o)
                              C:/ST/STM32CubeIDE_1.10.1/STM32CubeIDE/plugins/com.st.stm32cube.ide.mcu.externaltools.gnu-tools-for-stm32.11.3.rel1.win32_1.1.100.202309141235/tools/bin/../lib/gcc/arm-none-eabi/11.3.1/../../../../arm-none-eabi/lib/thumb/v7e-m+fp/hard\libc_nano.a(libc_a-findfp.o) (__sread)
[...]
Memory Configuration

Name             Origin             Length             Attributes
RAM              0x0000000020000000 0x0000000000020000 xrw
FLASH            0x0000000008000000 0x0000000000060000 xr
*default*        0x0000000000000000 0xffffffffffffffff

Linker script and memory map

LOAD C:/ST/STM32CubeIDE_1.10.1/STM32CubeIDE/plugins/com.st.stm32cube.ide.mcu.externaltools.gnu-tools-for-stm32.11.3.rel1.win32_1.1.100.202309141235/tools/bin/../lib/gcc/arm-none-eabi/11.3.1/thumb/v7e-m+fp/hard/crti.o
LOAD C:/ST/STM32CubeIDE_1.10.1/STM32CubeIDE/plugins/com.st.stm32cube.ide.mcu.externaltools.gnu-tools-for-stm32.11.3.rel1.win32_1.1.100.202309141235/tools/bin/../lib/gcc/arm-none-eabi/11.3.1/thumb/v7e-m+fp/hard/crtbegin.o
LOAD C:/ST/STM32CubeIDE_1.10.1/STM32CubeIDE/plugins/com.st.stm32cube.ide.mcu.externaltools.gnu-tools-for-stm32.11.3.rel1.win32_1.1.100.202309141235/tools/bin/../lib/gcc/arm-none-eabi/11.3.1/../../../../arm-none-eabi/lib/thumb/v7e-m+fp/hard/crt0.o
LOAD ./Core/NVS/nvs.o
LOAD ./Core/STM32_AcousticEC_Library/Src/Echo_library.o
LOAD ./Core/STM32_AcousticEC_Library/Src/acousticEC.o
LOAD ./Core/STM32_AcousticEC_Library/Src/echo.o
LOAD ./Core/STM32_AcousticEC_Library/Src/filterbank.o
LOAD ./Core/STM32_AcousticEC_Library/Src/preprocess.o
LOAD ./Core/STM32_AcousticEC_Library/Src/smallft.o
LOAD ./Core/Src/main.o
LOAD ./Core/Src/stm32f4xx_hal_msp.o
LOAD ./Core/Src/stm32f4xx_it.o
LOAD ./Core/Src/syscalls.o
LOAD ./Core/Src/sysmem.o
LOAD ./Core/Src/system_stm32f4xx.o
LOAD ./Core/Startup/startup_stm32f446retx.o
LOAD ./Core/debug_led/debug_led.o
LOAD ./Core/digitpoti/digitpoti.o
LOAD ./Core/digitpoti/i2c_slave.o
LOAD ./Drivers/STM32F4xx_HAL_Driver/Src/stm32f4xx_hal.o
LOAD ./Drivers/STM32F4xx_HAL_Driver/Src/stm32f4xx_hal_adc.o
LOAD ./Drivers/STM32F4xx_HAL_Driver/Src/stm32f4xx_hal_adc_ex.o
LOAD ./Drivers/STM32F4xx_HAL_Driver/Src/stm32f4xx_hal_can.o
LOAD ./Drivers/STM32F4xx_HAL_Driver/Src/stm32f4xx_hal_cortex.o
LOAD ./Drivers/STM32F4xx_HAL_Driver/Src/stm32f4xx_hal_dma.o
LOAD ./Drivers/STM32F4xx_HAL_Driver/Src/stm32f4xx_hal_dma_ex.o
LOAD ./Drivers/STM32F4xx_HAL_Driver/Src/stm32f4xx_hal_exti.o
LOAD ./Drivers/STM32F4xx_HAL_Driver/Src/stm32f4xx_hal_flash.o
LOAD ./Drivers/STM32F4xx_HAL_Driver/Src/stm32f4xx_hal_flash_ex.o
LOAD ./Drivers/STM32F4xx_HAL_Driver/Src/stm32f4xx_hal_flash_ramfunc.o
LOAD ./Drivers/STM32F4xx_HAL_Driver/Src/stm32f4xx_hal_gpio.o
LOAD ./Drivers/STM32F4xx_HAL_Driver/Src/stm32f4xx_hal_i2c.o
LOAD ./Drivers/STM32F4xx_HAL_Driver/Src/stm32f4xx_hal_i2c_ex.o
LOAD ./Drivers/STM32F4xx_HAL_Driver/Src/stm32f4xx_hal_iwdg.o
LOAD ./Drivers/STM32F4xx_HAL_Driver/Src/stm32f4xx_hal_pwr.o
LOAD ./Drivers/STM32F4xx_HAL_Driver/Src/stm32f4xx_hal_pwr_ex.o
LOAD ./Drivers/STM32F4xx_HAL_Driver/Src/stm32f4xx_hal_rcc.o
LOAD ./Drivers/STM32F4xx_HAL_Driver/Src/stm32f4xx_hal_rcc_ex.o
LOAD ./Drivers/STM32F4xx_HAL_Driver/Src/stm32f4xx_hal_sai.o
LOAD ./Drivers/STM32F4xx_HAL_Driver/Src/stm32f4xx_hal_sai_ex.o
LOAD ./Drivers/STM32F4xx_HAL_Driver/Src/stm32f4xx_hal_spi.o
LOAD ./Drivers/STM32F4xx_HAL_Driver/Src/stm32f4xx_hal_tim.o
LOAD ./Drivers/STM32F4xx_HAL_Driver/Src/stm32f4xx_hal_tim_ex.o
LOAD ./Drivers/STM32F4xx_HAL_Driver/Src/stm32f4xx_hal_uart.o
LOAD ./Drivers/STM32F4xx_HAL_Driver/Src/stm32f4xx_ll_adc.o
LOAD ../Middlewares/ST/ARM/DSP/Lib\libarm_cortexM4lf_math.a
START GROUP
LOAD C:/ST/STM32CubeIDE_1.10.1/STM32CubeIDE/plugins/com.st.stm32cube.ide.mcu.externaltools.gnu-tools-for-stm32.11.3.rel1.win32_1.1.100.202309141235/tools/bin/../lib/gcc/arm-none-eabi/11.3.1/../../../../arm-none-eabi/lib/thumb/v7e-m+fp/hard\libc_nano.a
LOAD C:/ST/STM32CubeIDE_1.10.1/STM32CubeIDE/plugins/com.st.stm32cube.ide.mcu.externaltools.gnu-tools-for-stm32.11.3.rel1.win32_1.1.100.202309141235/tools/bin/../lib/gcc/arm-none-eabi/11.3.1/../../../../arm-none-eabi/lib/thumb/v7e-m+fp/hard\libm.a
END GROUP
START GROUP
LOAD C:/ST/STM32CubeIDE_1.10.1/STM32CubeIDE/plugins/com.st.stm32cube.ide.mcu.externaltools.gnu-tools-for-stm32.11.3.rel1.win32_1.1.100.202309141235/tools/bin/../lib/gcc/arm-none-eabi/11.3.1/thumb/v7e-m+fp/hard\libgcc.a
LOAD C:/ST/STM32CubeIDE_1.10.1/STM32CubeIDE/plugins/com.st.stm32cube.ide.mcu.externaltools.gnu-tools-for-stm32.11.3.rel1.win32_1.1.100.202309141235/tools/bin/../lib/gcc/arm-none-eabi/11.3.1/../../../../arm-none-eabi/lib/thumb/v7e-m+fp/hard\libc_nano.a
END GROUP
START GROUP
LOAD C:/ST/STM32CubeIDE_1.10.1/STM32CubeIDE/plugins/com.st.stm32cube.ide.mcu.externaltools.gnu-tools-for-stm32.11.3.rel1.win32_1.1.100.202309141235/tools/bin/../lib/gcc/arm-none-eabi/11.3.1/thumb/v7e-m+fp/hard\libgcc.a
LOAD C:/ST/STM32CubeIDE_1.10.1/STM32CubeIDE/plugins/com.st.stm32cube.ide.mcu.externaltools.gnu-tools-for-stm32.11.3.rel1.win32_1.1.100.202309141235/tools/bin/../lib/gcc/arm-none-eabi/11.3.1/../../../../arm-none-eabi/lib/thumb/v7e-m+fp/hard\libc_nano.a
LOAD C:/ST/STM32CubeIDE_1.10.1/STM32CubeIDE/plugins/com.st.stm32cube.ide.mcu.externaltools.gnu-tools-for-stm32.11.3.rel1.win32_1.1.100.202309141235/tools/bin/../lib/gcc/arm-none-eabi/11.3.1/../../../../arm-none-eabi/lib/thumb/v7e-m+fp/hard\libnosys.a
END GROUP
START GROUP
LOAD C:/ST/STM32CubeIDE_1.10.1/STM32CubeIDE/plugins/com.st.stm32cube.ide.mcu.externaltools.gnu-tools-for-stm32.11.3.rel1.win32_1.1.100.202309141235/tools/bin/../lib/gcc/arm-none-eabi/11.3.1/thumb/v7e-m+fp/hard\libgcc.a
LOAD C:/ST/STM32CubeIDE_1.10.1/STM32CubeIDE/plugins/com.st.stm32cube.ide.mcu.externaltools.gnu-tools-for-stm32.11.3.rel1.win32_1.1.100.202309141235/tools/bin/../lib/gcc/arm-none-eabi/11.3.1/../../../../arm-none-eabi/lib/thumb/v7e-m+fp/hard\libc_nano.a
LOAD C:/ST/STM32CubeIDE_1.10.1/STM32CubeIDE/plugins/com.st.stm32cube.ide.mcu.externaltools.gnu-tools-for-stm32.11.3.rel1.win32_1.1.100.202309141235/tools/bin/../lib/gcc/arm-none-eabi/11.3.1/../../../../arm-none-eabi/lib/thumb/v7e-m+fp/hard\libnosys.a
END GROUP
LOAD C:/ST/STM32CubeIDE_1.10.1/STM32CubeIDE/plugins/com.st.stm32cube.ide.mcu.externaltools.gnu-tools-for-stm32.11.3.rel1.win32_1.1.100.202309141235/tools/bin/../lib/gcc/arm-none-eabi/11.3.1/thumb/v7e-m+fp/hard/crtend.o
LOAD C:/ST/STM32CubeIDE_1.10.1/STM32CubeIDE/plugins/com.st.stm32cube.ide.mcu.externaltools.gnu-tools-for-stm32.11.3.rel1.win32_1.1.100.202309141235/tools/bin/../lib/gcc/arm-none-eabi/11.3.1/thumb/v7e-m+fp/hard/crtn.o
                0x0000000020020000                _estack = (ORIGIN (RAM) + LENGTH (RAM))
                0x0000000000000200                _Min_Heap_Size = 0x200
                0x0000000000000400                _Min_Stack_Size = 0x400

.isr_vector     0x0000000008000000      0x1c4
                0x0000000008000000                . = ALIGN (0x4)
 *(.isr_vector)
 .isr_vector    0x0000000008000000      0x1c4 ./Core/Startup/startup_stm32f446retx.o
                0x0000000008000000                g_pfnVectors
                0x00000000080001c4                . = ALIGN (0x4)

.text           0x00000000080001c8     0xf254
                0x00000000080001c8                . = ALIGN (0x4)
 *(.text)
 .text          0x00000000080001c8       0x40 C:/ST/STM32CubeIDE_1.10.1/STM32CubeIDE/plugins/com.st.stm32cube.ide.mcu.externaltools.gnu-tools-for-stm32.11.3.rel1.win32_1.1.100.202309141235/tools/bin/../lib/gcc/arm-none-eabi/11.3.1/thumb/v7e-m+fp/hard/crtbegin.o
 .text          0x0000000008000208      0x378 C:/ST/STM32CubeIDE_1.10.1/STM32CubeIDE/plugins/com.st.stm32cube.ide.mcu.externaltools.gnu-tools-for-stm32.11.3.rel1.win32_1.1.100.202309141235/tools/bin/../lib/gcc/arm-none-eabi/11.3.1/thumb/v7e-m+fp/hard\libgcc.a(_arm_addsubdf3.o)
                0x0000000008000208                __aeabi_drsub
                0x0000000008000210                __aeabi_dsub
                0x0000000008000210                __subdf3
                0x0000000008000214                __aeabi_dadd
                0x0000000008000214                __adddf3
                0x000000000800048c                __floatunsidf
                0x000000000800048c                __aeabi_ui2d
                0x00000000080004ac                __floatsidf
                0x00000000080004ac                __aeabi_i2d
                0x00000000080004d0                __aeabi_f2d
                0x00000000080004d0                __extendsfdf2
                0x0000000008000514                __floatundidf
                0x0000000008000514                __aeabi_ul2d
                0x0000000008000524                __floatdidf
                0x0000000008000524                __aeabi_l2d
 .text          0x0000000008000580      0x424 C:/ST/STM32CubeIDE_1.10.1/STM32CubeIDE/plugins/com.st.stm32cube.ide.mcu.externaltools.gnu-tools-for-stm32.11.3.rel1.win32_1.1.100.202309141235/tools/bin/../lib/gcc/arm-none-eabi/11.3.1/thumb/v7e-m+fp/hard\libgcc.a(_arm_muldivdf3.o)
                0x0000000008000580                __aeabi_dmul
                0x0000000008000580                __muldf3
                0x00000000080007d4                __divdf3
                0x00000000080007d4                __aeabi_ddiv
 .text          0x00000000080009a4      0x110 C:/ST/STM32CubeIDE_1.10.1/STM32CubeIDE/plugins/com.st.stm32cube.ide.mcu.externaltools.gnu-tools-for-stm32.11.3.rel1.win32_1.1.100.202309141235/tools/bin/../lib/gcc/arm-none-eabi/11.3.1/thumb/v7e-m+fp/hard\libgcc.a(_arm_cmpdf2.o)
                0x00000000080009a4                __gtdf2
                0x00000000080009a4                __gedf2
                0x00000000080009ac                __ltdf2
                0x00000000080009ac                __ledf2
                0x00000000080009b4                __nedf2
                0x00000000080009b4                __eqdf2
                0x00000000080009b4                __cmpdf2
                0x0000000008000a30                __aeabi_cdrcmple
                0x0000000008000a40                __aeabi_cdcmpeq
                0x0000000008000a40                __aeabi_cdcmple
                0x0000000008000a50                __aeabi_dcmpeq
                0x0000000008000a64                __aeabi_dcmplt
                0x0000000008000a78                __aeabi_dcmple
                0x0000000008000a8c                __aeabi_dcmpge
                0x0000000008000aa0                __aeabi_dcmpgt
 .text          0x0000000008000ab4       0x50 C:/ST/STM32CubeIDE_1.10.1/STM32CubeIDE/plugins/com.st.stm32cube.ide.mcu.externaltools.gnu-tools-for-stm32.11.3.rel1.win32_1.1.100.202309141235/tools/bin/../lib/gcc/arm-none-eabi/11.3.1/thumb/v7e-m+fp/hard\libgcc.a(_arm_fixdfsi.o)
                0x0000000008000ab4                __aeabi_d2iz
                0x0000000008000ab4                __fixdfsi
 .text          0x0000000008000b04       0x40 C:/ST/STM32CubeIDE_1.10.1/STM32CubeIDE/plugins/com.st.stm32cube.ide.mcu.externaltools.gnu-tools-for-stm32.11.3.rel1.win32_1.1.100.202309141235/tools/bin/../lib/gcc/arm-none-eabi/11.3.1/thumb/v7e-m+fp/hard\libgcc.a(_arm_fixunsdfsi.o)
                0x0000000008000b04                __aeabi_d2uiz
                0x0000000008000b04                __fixunsdfsi
 .text          0x0000000008000b44       0xa0 C:/ST/STM32CubeIDE_1.10.1/STM32CubeIDE/plugins/com.st.stm32cube.ide.mcu.externaltools.gnu-tools-for-stm32.11.3.rel1.win32_1.1.100.202309141235/tools/bin/../lib/gcc/arm-none-eabi/11.3.1/thumb/v7e-m+fp/hard\libgcc.a(_arm_truncdfsf2.o)
                0x0000000008000b44                __truncdfsf2
                0x0000000008000b44                __aeabi_d2f
 .text          0x0000000008000be4       0x30 C:/ST/STM32CubeIDE_1.10.1/STM32CubeIDE/plugins/com.st.stm32cube.ide.mcu.externaltools.gnu-tools-for-stm32.11.3.rel1.win32_1.1.100.202309141235/tools/bin/../lib/gcc/arm-none-eabi/11.3.1/thumb/v7e-m+fp/hard\libgcc.a(_aeabi_uldivmod.o)
                0x0000000008000be4                __aeabi_uldivmod
 .text          0x0000000008000c14      0x2c8 C:/ST/STM32CubeIDE_1.10.1/STM32CubeIDE/plugins/com.st.stm32cube.ide.mcu.externaltools.gnu-tools-for-stm32.11.3.rel1.win32_1.1.100.202309141235/tools/bin/../lib/gcc/arm-none-eabi/11.3.1/thumb/v7e-m+fp/hard\libgcc.a(_udivmoddi4.o)
                0x0000000008000c14                __udivmoddi4
 .text          0x0000000008000edc        0x4 C:/ST/STM32CubeIDE_1.10.1/STM32CubeIDE/plugins/com.st.stm32cube.ide.mcu.externaltools.gnu-tools-for-stm32.11.3.rel1.win32_1.1.100.202309141235/tools/bin/../lib/gcc/arm-none-eabi/11.3.1/thumb/v7e-m+fp/hard\libgcc.a(_dvmd_tls.o)
                0x0000000008000edc                __aeabi_idiv0
                0x0000000008000edc                __aeabi_ldiv0
 *(.text*)
 .text.write_to_flash
                0x0000000008000ee0       0x88 ./Core/NVS/nvs.o
                0x0000000008000ee0                write_to_flash
 .text.read_from_flash
                0x0000000008000f68       0x1c ./Core/NVS/nvs.o
                0x0000000008000f68                read_from_flash
 .text.libSpeexAEC_getMemorySize
                0x0000000008000f84       0x2e ./Core/STM32_AcousticEC_Library/Src/Echo_library.o
                0x0000000008000f84                libSpeexAEC_getMemorySize
 .text.libSpeexAEC_setConfig
                0x0000000008000fb2       0xbc ./Core/STM32_AcousticEC_Library/Src/Echo_library.o
                0x0000000008000fb2                libSpeexAEC_setConfig
 .text.libSpeexAEC_Process
                0x000000000800106e       0xe4 ./Core/STM32_AcousticEC_Library/Src/Echo_library.o
                0x000000000800106e                libSpeexAEC_Process
 .text.libSpeexAEC_Data_Input
                0x0000000008001152       0xd0 ./Core/STM32_AcousticEC_Library/Src/Echo_library.o
                0x0000000008001152                libSpeexAEC_Data_Input
 .text.libSpeexAEC_fft_init
                0x0000000008001222        0x8 ./Core/STM32_AcousticEC_Library/Src/Echo_library.o
                0x0000000008001222                libSpeexAEC_fft_init
 .text.libSpeexAEC_Init
                0x000000000800122a      0x19a ./Core/STM32_AcousticEC_Library/Src/Echo_library.o
                0x000000000800122a                libSpeexAEC_Init
 .text.libSpeexAEC_fft
                0x00000000080013c4       0x3c ./Core/STM32_AcousticEC_Library/Src/Echo_library.o
                0x00000000080013c4                libSpeexAEC_fft
 .text.libSpeexAEC_ifft
                0x0000000008001400       0x28 ./Core/STM32_AcousticEC_Library/Src/Echo_library.o
                0x0000000008001400                libSpeexAEC_ifft
 .text.AcousticEC_Init
                0x0000000008001428        0x8 ./Core/STM32_AcousticEC_Library/Src/acousticEC.o
                0x0000000008001428                AcousticEC_Init
 .text.AcousticEC_Data_Input
                0x0000000008001430        0x8 ./Core/STM32_AcousticEC_Library/Src/acousticEC.o
                0x0000000008001430                AcousticEC_Data_Input
 .text.AcousticEC_Process
                0x0000000008001438        0x8 ./Core/STM32_AcousticEC_Library/Src/acousticEC.o
                0x0000000008001438                AcousticEC_Process
 .text.AcousticEC_setConfig
                0x0000000008001440        0x8 ./Core/STM32_AcousticEC_Library/Src/acousticEC.o
                0x0000000008001440                AcousticEC_setConfig
 .text.AcousticEC_getMemorySize
                0x0000000008001448        0x8 ./Core/STM32_AcousticEC_Library/Src/acousticEC.o
                0x0000000008001448                AcousticEC_getMemorySize
 .text.Echo_state_reset
                0x0000000008001450      0x160 ./Core/STM32_AcousticEC_Library/Src/echo.o
 .text.Echo_init
                0x00000000080015b0      0x244 ./Core/STM32_AcousticEC_Library/Src/echo.o
                0x00000000080015b0                Echo_init
 .text.Echo_cancellation
                0x00000000080017f4     0x1034 ./Core/STM32_AcousticEC_Library/Src/echo.o
                0x00000000080017f4                Echo_cancellation
 .text.Echo_get_residual
                0x0000000008002828       0xba ./Core/STM32_AcousticEC_Library/Src/echo.o
                0x0000000008002828                Echo_get_residual
 *fill*         0x00000000080028e2        0x2 
 .text.Echo_ctrl
                0x00000000080028e4      0x140 ./Core/STM32_AcousticEC_Library/Src/echo.o
                0x00000000080028e4                Echo_ctrl
 *fill*         0x0000000008002a24        0x4 
 .text.filterbank_new
                0x0000000008002a28      0x2cc ./Core/STM32_AcousticEC_Library/Src/filterbank.o
                0x0000000008002a28                filterbank_new
 .text.filterbank_compute_bank32
                0x0000000008002cf4       0x84 ./Core/STM32_AcousticEC_Library/Src/filterbank.o
                0x0000000008002cf4                filterbank_compute_bank32
 .text.filterbank_compute_psd16
                0x0000000008002d78       0x5c ./Core/STM32_AcousticEC_Library/Src/filterbank.o
                0x0000000008002d78                filterbank_compute_psd16
 .text.update_noise_prob
                0x0000000008002dd4      0x234 ./Core/STM32_AcousticEC_Library/Src/preprocess.o
 .text.conj_window
                0x0000000008003008       0xf0 ./Core/STM32_AcousticEC_Library/Src/preprocess.o
 .text.Preprocess_analize
                0x00000000080030f8      0x122 ./Core/STM32_AcousticEC_Library/Src/preprocess.o
 *fill*         0x000000000800321a        0x2 
 .text.compute_gain_floor
                0x000000000800321c       0x88 ./Core/STM32_AcousticEC_Library/Src/preprocess.o
 .text.simple_agc
                0x00000000080032a4      0x238 ./Core/STM32_AcousticEC_Library/Src/preprocess.o
 .text.Preprocess_init
                0x00000000080034dc      0x23c ./Core/STM32_AcousticEC_Library/Src/preprocess.o
                0x00000000080034dc                Preprocess_init
 .text.Preprocess
                0x0000000008003718      0x8a4 ./Core/STM32_AcousticEC_Library/Src/preprocess.o
                0x0000000008003718                Preprocess
 .text.Preprocess_setup
                0x0000000008003fbc      0x454 ./Core/STM32_AcousticEC_Library/Src/preprocess.o
                0x0000000008003fbc                Preprocess_setup
 .text.dradf2   0x0000000008004410      0x1d2 ./Core/STM32_AcousticEC_Library/Src/smallft.o
 *fill*         0x00000000080045e2        0x2 
 .text.dradf4   0x00000000080045e4      0x368 ./Core/STM32_AcousticEC_Library/Src/smallft.o
 .text.dradb2   0x000000000800494c      0x1da ./Core/STM32_AcousticEC_Library/Src/smallft.o
 *fill*         0x0000000008004b26        0x2 
 .text.dradb3   0x0000000008004b28      0x274 ./Core/STM32_AcousticEC_Library/Src/smallft.o
 .text.dradb4   0x0000000008004d9c      0x36c ./Core/STM32_AcousticEC_Library/Src/smallft.o
 .text.dradfg   0x0000000008005108      0x91c ./Core/STM32_AcousticEC_Library/Src/smallft.o
 .text.drftf1   0x0000000008005a24      0x164 ./Core/STM32_AcousticEC_Library/Src/smallft.o
 .text.dradbg   0x0000000008005b88      0x924 ./Core/STM32_AcousticEC_Library/Src/smallft.o
 .text.drftb1   0x00000000080064ac      0x1c4 ./Core/STM32_AcousticEC_Library/Src/smallft.o
 .text.drfti1   0x0000000008006670      0x154 ./Core/STM32_AcousticEC_Library/Src/smallft.o
 .text.fdrffti  0x00000000080067c4       0x12 ./Core/STM32_AcousticEC_Library/Src/smallft.o
 .text.drft_forward
                0x00000000080067d6       0x24 ./Core/STM32_AcousticEC_Library/Src/smallft.o
                0x00000000080067d6                drft_forward
 .text.drft_backward
                0x00000000080067fa       0x24 ./Core/STM32_AcousticEC_Library/Src/smallft.o
                0x00000000080067fa                drft_backward
 .text.drft_init
                0x000000000800681e       0x16 ./Core/STM32_AcousticEC_Library/Src/smallft.o
                0x000000000800681e                drft_init
 .text.reset_devices
                0x0000000008006834       0x98 ./Core/Src/main.o
 .text.MX_GPIO_Init
                0x00000000080068cc      0x118 ./Core/Src/main.o
 .text.MX_DMA_Init
                0x00000000080069e4       0x44 ./Core/Src/main.o
 .text.generate_sine_wave
                0x0000000008006a28       0x60 ./Core/Src/main.o
                0x0000000008006a28                generate_sine_wave
 .text.generate_sine_wave2
                0x0000000008006a88       0x60 ./Core/Src/main.o
                0x0000000008006a88                generate_sine_wave2
 .text.find_abs_max
                0x0000000008006ae8       0x24 ./Core/Src/main.o
                0x0000000008006ae8                find_abs_max
 .text.HAL_SAI_RxHalfCpltCallback
                0x0000000008006b0c       0xec ./Core/Src/main.o
                0x0000000008006b0c                HAL_SAI_RxHalfCpltCallback
 .text.HAL_SAI_RxCpltCallback
                0x0000000008006bf8      0x1d8 ./Core/Src/main.o
                0x0000000008006bf8                HAL_SAI_RxCpltCallback
 .text.Error_Handler
                0x0000000008006dd0        0x4 ./Core/Src/main.o
                0x0000000008006dd0                Error_Handler
 .text.MX_ADC1_Init
                0x0000000008006dd4       0x6c ./Core/Src/main.o
 .text.MX_ADC2_Init
                0x0000000008006e40       0x6c ./Core/Src/main.o
 .text.MX_CAN1_Init
                0x0000000008006eac       0x40 ./Core/Src/main.o
 .text.MX_I2C1_Init
                0x0000000008006eec       0x38 ./Core/Src/main.o
 .text.MX_I2C3_Init
                0x0000000008006f24       0x3c ./Core/Src/main.o
 .text.MX_SPI2_Init
                0x0000000008006f60       0x40 ./Core/Src/main.o
 .text.MX_USART2_UART_Init
                0x0000000008006fa0       0x34 ./Core/Src/main.o
 .text.MX_SAI1_Init
                0x0000000008006fd4       0x78 ./Core/Src/main.o
 .text.MX_TIM14_Init
                0x000000000800704c       0x34 ./Core/Src/main.o
 .text.setI2CSlaveAddress
                0x0000000008007080       0x7c ./Core/Src/main.o
 .text.SystemClock_Config
                0x00000000080070fc       0xc4 ./Core/Src/main.o
                0x00000000080070fc                SystemClock_Config
 .text.PeriphCommonClock_Config
                0x00000000080071c0       0x34 ./Core/Src/main.o
                0x00000000080071c0                PeriphCommonClock_Config
 .text.main     0x00000000080071f4      0x174 ./Core/Src/main.o
                0x00000000080071f4                main
 .text.HAL_MspInit
                0x0000000008007368       0x38 ./Core/Src/stm32f4xx_hal_msp.o
                0x0000000008007368                HAL_MspInit
 .text.HAL_ADC_MspInit
                0x00000000080073a0       0xb0 ./Core/Src/stm32f4xx_hal_msp.o
                0x00000000080073a0                HAL_ADC_MspInit
 .text.HAL_CAN_MspInit
                0x0000000008007450       0x70 ./Core/Src/stm32f4xx_hal_msp.o
                0x0000000008007450                HAL_CAN_MspInit
 .text.HAL_I2C_MspInit
                0x00000000080074c0      0x118 ./Core/Src/stm32f4xx_hal_msp.o
                0x00000000080074c0                HAL_I2C_MspInit
 .text.HAL_I2C_MspDeInit
                0x00000000080075d8       0x70 ./Core/Src/stm32f4xx_hal_msp.o
                0x00000000080075d8                HAL_I2C_MspDeInit
 .text.HAL_SPI_MspInit
                0x0000000008007648       0x9c ./Core/Src/stm32f4xx_hal_msp.o
                0x0000000008007648                HAL_SPI_MspInit
 .text.HAL_TIM_Base_MspInit
                0x00000000080076e4       0x40 ./Core/Src/stm32f4xx_hal_msp.o
                0x00000000080076e4                HAL_TIM_Base_MspInit
 .text.HAL_UART_MspInit
                0x0000000008007724       0x70 ./Core/Src/stm32f4xx_hal_msp.o
                0x0000000008007724                HAL_UART_MspInit
 .text.HAL_SAI_MspInit
                0x0000000008007794      0x170 ./Core/Src/stm32f4xx_hal_msp.o
                0x0000000008007794                HAL_SAI_MspInit
 .text.NMI_Handler
                0x0000000008007904        0x2 ./Core/Src/stm32f4xx_it.o
                0x0000000008007904                NMI_Handler
 .text.HardFault_Handler
                0x0000000008007906        0x2 ./Core/Src/stm32f4xx_it.o
                0x0000000008007906                HardFault_Handler
 .text.MemManage_Handler
                0x0000000008007908        0x2 ./Core/Src/stm32f4xx_it.o
                0x0000000008007908                MemManage_Handler
 .text.BusFault_Handler
                0x000000000800790a        0x2 ./Core/Src/stm32f4xx_it.o
                0x000000000800790a                BusFault_Handler
 .text.UsageFault_Handler
                0x000000000800790c        0x2 ./Core/Src/stm32f4xx_it.o
                0x000000000800790c                UsageFault_Handler
 .text.SVC_Handler
                0x000000000800790e        0x2 ./Core/Src/stm32f4xx_it.o
                0x000000000800790e                SVC_Handler
 .text.DebugMon_Handler
                0x0000000008007910        0x2 ./Core/Src/stm32f4xx_it.o
                0x0000000008007910                DebugMon_Handler
 .text.PendSV_Handler
                0x0000000008007912        0x2 ./Core/Src/stm32f4xx_it.o
                0x0000000008007912                PendSV_Handler
 .text.SysTick_Handler
                0x0000000008007914        0x8 ./Core/Src/stm32f4xx_it.o
                0x0000000008007914                SysTick_Handler
 .text.TIM8_TRG_COM_TIM14_IRQHandler
                0x000000000800791c       0x10 ./Core/Src/stm32f4xx_it.o
                0x000000000800791c                TIM8_TRG_COM_TIM14_IRQHandler
 .text.DMA2_Stream1_IRQHandler
                0x000000000800792c       0x10 ./Core/Src/stm32f4xx_it.o
                0x000000000800792c                DMA2_Stream1_IRQHandler
 .text.DMA2_Stream4_IRQHandler
                0x000000000800793c       0x10 ./Core/Src/stm32f4xx_it.o
                0x000000000800793c                DMA2_Stream4_IRQHandler
 .text.I2C3_EV_IRQHandler
                0x000000000800794c       0x10 ./Core/Src/stm32f4xx_it.o
                0x000000000800794c                I2C3_EV_IRQHandler
 .text.I2C3_ER_IRQHandler
                0x000000000800795c       0x10 ./Core/Src/stm32f4xx_it.o
                0x000000000800795c                I2C3_ER_IRQHandler
 .text._sbrk    0x000000000800796c       0x48 ./Core/Src/sysmem.o
                0x000000000800796c                _sbrk
 .text.SystemInit
                0x00000000080079b4       0x14 ./Core/Src/system_stm32f4xx.o
                0x00000000080079b4                SystemInit
 .text.Reset_Handler
                0x00000000080079c8       0x50 ./Core/Startup/startup_stm32f446retx.o
                0x00000000080079c8                Reset_Handler
 .text.Default_Handler
                0x0000000008007a18        0x2 ./Core/Startup/startup_stm32f446retx.o
                0x0000000008007a18                RTC_Alarm_IRQHandler
                0x0000000008007a18                EXTI2_IRQHandler
                0x0000000008007a18                TIM8_CC_IRQHandler
                0x0000000008007a18                FMPI2C1_EV_IRQHandler
                0x0000000008007a18                SPI4_IRQHandler
                0x0000000008007a18                TIM1_CC_IRQHandler
                0x0000000008007a18                DMA2_Stream5_IRQHandler
                0x0000000008007a18                DMA1_Stream5_IRQHandler
                0x0000000008007a18                PVD_IRQHandler
                0x0000000008007a18                SDIO_IRQHandler
                0x0000000008007a18                TAMP_STAMP_IRQHandler
                0x0000000008007a18                CAN2_RX1_IRQHandler
                0x0000000008007a18                EXTI3_IRQHandler
                0x0000000008007a18                TIM1_UP_TIM10_IRQHandler
                0x0000000008007a18                TIM8_UP_TIM13_IRQHandler
                0x0000000008007a18                EXTI0_IRQHandler
                0x0000000008007a18                I2C2_EV_IRQHandler
                0x0000000008007a18                DMA1_Stream2_IRQHandler
                0x0000000008007a18                CAN1_RX0_IRQHandler
                0x0000000008007a18                FPU_IRQHandler
                0x0000000008007a18                OTG_HS_WKUP_IRQHandler
                0x0000000008007a18                CAN2_SCE_IRQHandler
                0x0000000008007a18                DMA2_Stream2_IRQHandler
                0x0000000008007a18                SPI1_IRQHandler
                0x0000000008007a18                TIM6_DAC_IRQHandler
                0x0000000008007a18                TIM1_BRK_TIM9_IRQHandler
                0x0000000008007a18                DCMI_IRQHandler
                0x0000000008007a18                CAN2_RX0_IRQHandler
                0x0000000008007a18                DMA2_Stream3_IRQHandler
                0x0000000008007a18                SAI2_IRQHandler
                0x0000000008007a18                USART6_IRQHandler
                0x0000000008007a18                USART3_IRQHandler
                0x0000000008007a18                CAN1_RX1_IRQHandler
                0x0000000008007a18                UART5_IRQHandler
                0x0000000008007a18                DMA2_Stream0_IRQHandler
                0x0000000008007a18                TIM4_IRQHandler
                0x0000000008007a18                QUADSPI_IRQHandler
                0x0000000008007a18                I2C1_EV_IRQHandler
                0x0000000008007a18                DMA1_Stream6_IRQHandler
                0x0000000008007a18                DMA1_Stream1_IRQHandler
                0x0000000008007a18                UART4_IRQHandler
                0x0000000008007a18                TIM3_IRQHandler
                0x0000000008007a18                RCC_IRQHandler
                0x0000000008007a18                TIM8_BRK_TIM12_IRQHandler
                0x0000000008007a18                Default_Handler
                0x0000000008007a18                CEC_IRQHandler
                0x0000000008007a18                EXTI15_10_IRQHandler
                0x0000000008007a18                ADC_IRQHandler
                0x0000000008007a18                DMA1_Stream7_IRQHandler
                0x0000000008007a18                TIM7_IRQHandler
                0x0000000008007a18                CAN2_TX_IRQHandler
                0x0000000008007a18                TIM5_IRQHandler
                0x0000000008007a18                DMA2_Stream7_IRQHandler
                0x0000000008007a18                EXTI9_5_IRQHandler
                0x0000000008007a18                RTC_WKUP_IRQHandler
                0x0000000008007a18                SPDIF_RX_IRQHandler
                0x0000000008007a18                SPI2_IRQHandler
                0x0000000008007a18                OTG_HS_EP1_IN_IRQHandler
                0x0000000008007a18                DMA1_Stream0_IRQHandler
                0x0000000008007a18                CAN1_TX_IRQHandler
                0x0000000008007a18                FMPI2C1_ER_IRQHandler
                0x0000000008007a18                EXTI4_IRQHandler
                0x0000000008007a18                OTG_HS_EP1_OUT_IRQHandler
                0x0000000008007a18                WWDG_IRQHandler
                0x0000000008007a18                TIM2_IRQHandler
                0x0000000008007a18                OTG_FS_WKUP_IRQHandler
                0x0000000008007a18                TIM1_TRG_COM_TIM11_IRQHandler
                0x0000000008007a18                OTG_HS_IRQHandler
                0x0000000008007a18                EXTI1_IRQHandler
                0x0000000008007a18                USART2_IRQHandler
                0x0000000008007a18                I2C2_ER_IRQHandler
                0x0000000008007a18                CAN1_SCE_IRQHandler
                0x0000000008007a18                FLASH_IRQHandler
                0x0000000008007a18                USART1_IRQHandler
                0x0000000008007a18                OTG_FS_IRQHandler
                0x0000000008007a18                SPI3_IRQHandler
                0x0000000008007a18                DMA1_Stream4_IRQHandler
                0x0000000008007a18                I2C1_ER_IRQHandler
                0x0000000008007a18                FMC_IRQHandler
                0x0000000008007a18                DMA2_Stream6_IRQHandler
                0x0000000008007a18                SAI1_IRQHandler
                0x0000000008007a18                DMA1_Stream3_IRQHandler
 *fill*         0x0000000008007a1a        0x2 
 .text.HAL_TIM_PeriodElapsedCallback
                0x0000000008007a1c       0xe8 ./Core/debug_led/debug_led.o
                0x0000000008007a1c                HAL_TIM_PeriodElapsedCallback
 .text.writePoti0
                0x0000000008007b04        0xe ./Core/digitpoti/digitpoti.o
 .text.writePoti1
                0x0000000008007b12       0x12 ./Core/digitpoti/digitpoti.o
 .text.writePoti2
                0x0000000008007b24       0x12 ./Core/digitpoti/digitpoti.o
 .text.writePoti3
                0x0000000008007b36       0x12 ./Core/digitpoti/digitpoti.o
 .text.checkPotirange
                0x0000000008007b48       0x1c ./Core/digitpoti/digitpoti.o
 .text.write_poti_settings
                0x0000000008007b64       0xe2 ./Core/digitpoti/digitpoti.o
                0x0000000008007b64                write_poti_settings
 *fill*         0x0000000008007c46        0x2 
 .text.writePotiFromNvs
                0x0000000008007c48       0x3c ./Core/digitpoti/digitpoti.o
                0x0000000008007c48                writePotiFromNvs
 .text.writePotiToNvs
                0x0000000008007c84       0x24 ./Core/digitpoti/digitpoti.o
                0x0000000008007c84                writePotiToNvs
 .text.sendValToPoti
                0x0000000008007ca8       0xf0 ./Core/digitpoti/digitpoti.o
                0x0000000008007ca8                sendValToPoti
 .text.HAL_I2C_ListenCpltCallback
                0x0000000008007d98        0x8 ./Core/digitpoti/i2c_slave.o
                0x0000000008007d98                HAL_I2C_ListenCpltCallback
 .text.HAL_I2C_AddrCallback
                0x0000000008007da0       0x84 ./Core/digitpoti/i2c_slave.o
                0x0000000008007da0                HAL_I2C_AddrCallback
 .text.HAL_I2C_SlaveRxCpltCallback
                0x0000000008007e24       0x5c ./Core/digitpoti/i2c_slave.o
                0x0000000008007e24                HAL_I2C_SlaveRxCpltCallback
 .text.HAL_I2C_ErrorCallback
                0x0000000008007e80       0x22 ./Core/digitpoti/i2c_slave.o
                0x0000000008007e80                HAL_I2C_ErrorCallback
 *fill*         0x0000000008007ea2        0x2 
 .text.HAL_InitTick
                0x0000000008007ea4       0x4c ./Drivers/STM32F4xx_HAL_Driver/Src/stm32f4xx_hal.o
                0x0000000008007ea4                HAL_InitTick
 .text.HAL_Init
                0x0000000008007ef0       0x34 ./Drivers/STM32F4xx_HAL_Driver/Src/stm32f4xx_hal.o
                0x0000000008007ef0                HAL_Init
 .text.HAL_IncTick
                0x0000000008007f24       0x18 ./Drivers/STM32F4xx_HAL_Driver/Src/stm32f4xx_hal.o
                0x0000000008007f24                HAL_IncTick
 .text.HAL_GetTick
                0x0000000008007f3c        0xc ./Drivers/STM32F4xx_HAL_Driver/Src/stm32f4xx_hal.o
                0x0000000008007f3c                HAL_GetTick
 .text.HAL_Delay
                0x0000000008007f48       0x28 ./Drivers/STM32F4xx_HAL_Driver/Src/stm32f4xx_hal.o
                0x0000000008007f48                HAL_Delay
 .text.ADC_Init
                0x0000000008007f70      0x134 ./Drivers/STM32F4xx_HAL_Driver/Src/stm32f4xx_hal_adc.o
 .text.HAL_ADC_Init
                0x00000000080080a4       0x56 ./Drivers/STM32F4xx_HAL_Driver/Src/stm32f4xx_hal_adc.o
                0x00000000080080a4                HAL_ADC_Init
 *fill*         0x00000000080080fa        0x2 
 .text.HAL_ADC_ConfigChannel
                0x00000000080080fc      0x1ac ./Drivers/STM32F4xx_HAL_Driver/Src/stm32f4xx_hal_adc.o
                0x00000000080080fc                HAL_ADC_ConfigChannel
 .text.HAL_CAN_Init
                0x00000000080082a8      0x14c ./Drivers/STM32F4xx_HAL_Driver/Src/stm32f4xx_hal_can.o
                0x00000000080082a8                HAL_CAN_Init
 .text.HAL_NVIC_SetPriorityGrouping
                0x00000000080083f4       0x24 ./Drivers/STM32F4xx_HAL_Driver/Src/stm32f4xx_hal_cortex.o
                0x00000000080083f4                HAL_NVIC_SetPriorityGrouping
 .text.HAL_NVIC_SetPriority
                0x0000000008008418       0x70 ./Drivers/STM32F4xx_HAL_Driver/Src/stm32f4xx_hal_cortex.o
                0x0000000008008418                HAL_NVIC_SetPriority
 .text.HAL_NVIC_EnableIRQ
                0x0000000008008488       0x1c ./Drivers/STM32F4xx_HAL_Driver/Src/stm32f4xx_hal_cortex.o
                0x0000000008008488                HAL_NVIC_EnableIRQ
 .text.HAL_NVIC_DisableIRQ
                0x00000000080084a4       0x24 ./Drivers/STM32F4xx_HAL_Driver/Src/stm32f4xx_hal_cortex.o
                0x00000000080084a4                HAL_NVIC_DisableIRQ
 .text.HAL_SYSTICK_Config
                0x00000000080084c8       0x28 ./Drivers/STM32F4xx_HAL_Driver/Src/stm32f4xx_hal_cortex.o
                0x00000000080084c8                HAL_SYSTICK_Config
 .text.DMA_SetConfig
                0x00000000080084f0       0x2c ./Drivers/STM32F4xx_HAL_Driver/Src/stm32f4xx_hal_dma.o
 .text.DMA_CalcBaseAndBitshift
                0x000000000800851c       0x44 ./Drivers/STM32F4xx_HAL_Driver/Src/stm32f4xx_hal_dma.o
 .text.DMA_CheckFifoParam
                0x0000000008008560       0x8e ./Drivers/STM32F4xx_HAL_Driver/Src/stm32f4xx_hal_dma.o
 *fill*         0x00000000080085ee        0x2 
 .text.HAL_DMA_Init
                0x00000000080085f0       0xcc ./Drivers/STM32F4xx_HAL_Driver/Src/stm32f4xx_hal_dma.o
                0x00000000080085f0                HAL_DMA_Init
 .text.HAL_DMA_Start_IT
                0x00000000080086bc       0x6a ./Drivers/STM32F4xx_HAL_Driver/Src/stm32f4xx_hal_dma.o
                0x00000000080086bc                HAL_DMA_Start_IT
 .text.HAL_DMA_Abort_IT
                0x0000000008008726       0x26 ./Drivers/STM32F4xx_HAL_Driver/Src/stm32f4xx_hal_dma.o
                0x0000000008008726                HAL_DMA_Abort_IT
 .text.HAL_DMA_IRQHandler
                0x000000000800874c      0x1dc ./Drivers/STM32F4xx_HAL_Driver/Src/stm32f4xx_hal_dma.o
                0x000000000800874c                HAL_DMA_IRQHandler
 .text.HAL_DMA_GetState
                0x0000000008008928        0x6 ./Drivers/STM32F4xx_HAL_Driver/Src/stm32f4xx_hal_dma.o
                0x0000000008008928                HAL_DMA_GetState
 *fill*         0x000000000800892e        0x2 
 .text.FLASH_Program_DoubleWord
                0x0000000008008930       0x30 ./Drivers/STM32F4xx_HAL_Driver/Src/stm32f4xx_hal_flash.o
 .text.FLASH_Program_Word
                0x0000000008008960       0x24 ./Drivers/STM32F4xx_HAL_Driver/Src/stm32f4xx_hal_flash.o
 .text.FLASH_Program_HalfWord
                0x0000000008008984       0x24 ./Drivers/STM32F4xx_HAL_Driver/Src/stm32f4xx_hal_flash.o
 .text.FLASH_Program_Byte
                0x00000000080089a8       0x20 ./Drivers/STM32F4xx_HAL_Driver/Src/stm32f4xx_hal_flash.o
 .text.FLASH_SetErrorCode
                0x00000000080089c8       0xa8 ./Drivers/STM32F4xx_HAL_Driver/Src/stm32f4xx_hal_flash.o
 .text.HAL_FLASH_Unlock
                0x0000000008008a70       0x30 ./Drivers/STM32F4xx_HAL_Driver/Src/stm32f4xx_hal_flash.o
                0x0000000008008a70                HAL_FLASH_Unlock
 .text.HAL_FLASH_Lock
                0x0000000008008aa0       0x14 ./Drivers/STM32F4xx_HAL_Driver/Src/stm32f4xx_hal_flash.o
                0x0000000008008aa0                HAL_FLASH_Lock
 .text.HAL_FLASH_GetError
                0x0000000008008ab4        0xc ./Drivers/STM32F4xx_HAL_Driver/Src/stm32f4xx_hal_flash.o
                0x0000000008008ab4                HAL_FLASH_GetError
 .text.FLASH_WaitForLastOperation
                0x0000000008008ac0       0x60 ./Drivers/STM32F4xx_HAL_Driver/Src/stm32f4xx_hal_flash.o
                0x0000000008008ac0                FLASH_WaitForLastOperation
 .text.HAL_FLASH_Program
                0x0000000008008b20       0x7c ./Drivers/STM32F4xx_HAL_Driver/Src/stm32f4xx_hal_flash.o
                0x0000000008008b20                HAL_FLASH_Program
 .text.FLASH_MassErase
                0x0000000008008b9c       0x24 ./Drivers/STM32F4xx_HAL_Driver/Src/stm32f4xx_hal_flash_ex.o
 .text.FLASH_Erase_Sector
                0x0000000008008bc0       0x4c ./Drivers/STM32F4xx_HAL_Driver/Src/stm32f4xx_hal_flash_ex.o
                0x0000000008008bc0                FLASH_Erase_Sector
 .text.FLASH_FlushCaches
                0x0000000008008c0c       0x60 ./Drivers/STM32F4xx_HAL_Driver/Src/stm32f4xx_hal_flash_ex.o
                0x0000000008008c0c                FLASH_FlushCaches
 .text.HAL_FLASHEx_Erase
                0x0000000008008c6c       0x94 ./Drivers/STM32F4xx_HAL_Driver/Src/stm32f4xx_hal_flash_ex.o
                0x0000000008008c6c                HAL_FLASHEx_Erase
 .text.HAL_GPIO_Init
                0x0000000008008d00      0x1e0 ./Drivers/STM32F4xx_HAL_Driver/Src/stm32f4xx_hal_gpio.o
                0x0000000008008d00                HAL_GPIO_Init
 .text.HAL_GPIO_DeInit
                0x0000000008008ee0      0x128 ./Drivers/STM32F4xx_HAL_Driver/Src/stm32f4xx_hal_gpio.o
                0x0000000008008ee0                HAL_GPIO_DeInit
 .text.HAL_GPIO_ReadPin
                0x0000000008009008        0xe ./Drivers/STM32F4xx_HAL_Driver/Src/stm32f4xx_hal_gpio.o
                0x0000000008009008                HAL_GPIO_ReadPin
 .text.HAL_GPIO_WritePin
                0x0000000008009016        0xc ./Drivers/STM32F4xx_HAL_Driver/Src/stm32f4xx_hal_gpio.o
                0x0000000008009016                HAL_GPIO_WritePin
 .text.I2C_Flush_DR
                0x0000000008009022       0x10 ./Drivers/STM32F4xx_HAL_Driver/Src/stm32f4xx_hal_i2c.o
 .text.I2C_Master_SB
                0x0000000008009032       0xa8 ./Drivers/STM32F4xx_HAL_Driver/Src/stm32f4xx_hal_i2c.o
 .text.I2C_Master_ADD10
                0x00000000080090da       0x2a ./Drivers/STM32F4xx_HAL_Driver/Src/stm32f4xx_hal_i2c.o
 .text.I2C_Master_ADDR
                0x0000000008009104      0x234 ./Drivers/STM32F4xx_HAL_Driver/Src/stm32f4xx_hal_i2c.o
 .text.I2C_SlaveTransmit_BTF
                0x0000000008009338       0x20 ./Drivers/STM32F4xx_HAL_Driver/Src/stm32f4xx_hal_i2c.o
 .text.I2C_SlaveReceive_BTF
                0x0000000008009358       0x20 ./Drivers/STM32F4xx_HAL_Driver/Src/stm32f4xx_hal_i2c.o
 .text.I2C_WaitOnSTOPRequestThroughIT
                0x0000000008009378       0x48 ./Drivers/STM32F4xx_HAL_Driver/Src/stm32f4xx_hal_i2c.o
 .text.I2C_IsAcknowledgeFailed
                0x00000000080093c0       0x32 ./Drivers/STM32F4xx_HAL_Driver/Src/stm32f4xx_hal_i2c.o
 .text.I2C_ConvertOtherXferOptions
                0x00000000080093f2       0x1e ./Drivers/STM32F4xx_HAL_Driver/Src/stm32f4xx_hal_i2c.o
 .text.I2C_WaitOnFlagUntilTimeout
                0x0000000008009410       0xaa ./Drivers/STM32F4xx_HAL_Driver/Src/stm32f4xx_hal_i2c.o
 .text.I2C_WaitOnMasterAddressFlagUntilTimeout
                0x00000000080094ba       0xd6 ./Drivers/STM32F4xx_HAL_Driver/Src/stm32f4xx_hal_i2c.o
 .text.I2C_MasterRequestWrite
                0x0000000008009590       0xb4 ./Drivers/STM32F4xx_HAL_Driver/Src/stm32f4xx_hal_i2c.o
 .text.I2C_WaitOnTXEFlagUntilTimeout
                0x0000000008009644       0x5e ./Drivers/STM32F4xx_HAL_Driver/Src/stm32f4xx_hal_i2c.o
 .text.I2C_WaitOnBTFFlagUntilTimeout
                0x00000000080096a2       0x5e ./Drivers/STM32F4xx_HAL_Driver/Src/stm32f4xx_hal_i2c.o
 .text.HAL_I2C_Init
                0x0000000008009700      0x1bc ./Drivers/STM32F4xx_HAL_Driver/Src/stm32f4xx_hal_i2c.o
                0x0000000008009700                HAL_I2C_Init
 .text.HAL_I2C_DeInit
                0x00000000080098bc       0x32 ./Drivers/STM32F4xx_HAL_Driver/Src/stm32f4xx_hal_i2c.o
                0x00000000080098bc                HAL_I2C_DeInit
 *fill*         0x00000000080098ee        0x2 
 .text.HAL_I2C_Master_Transmit
                0x00000000080098f0      0x178 ./Drivers/STM32F4xx_HAL_Driver/Src/stm32f4xx_hal_i2c.o
                0x00000000080098f0                HAL_I2C_Master_Transmit
 .text.HAL_I2C_Slave_Seq_Transmit_IT
                0x0000000008009a68       0x90 ./Drivers/STM32F4xx_HAL_Driver/Src/stm32f4xx_hal_i2c.o
                0x0000000008009a68                HAL_I2C_Slave_Seq_Transmit_IT
 .text.HAL_I2C_Slave_Seq_Receive_IT
                0x0000000008009af8       0x90 ./Drivers/STM32F4xx_HAL_Driver/Src/stm32f4xx_hal_i2c.o
                0x0000000008009af8                HAL_I2C_Slave_Seq_Receive_IT
 .text.HAL_I2C_EnableListen_IT
                0x0000000008009b88       0x3e ./Drivers/STM32F4xx_HAL_Driver/Src/stm32f4xx_hal_i2c.o
                0x0000000008009b88                HAL_I2C_EnableListen_IT
 .text.HAL_I2C_MasterTxCpltCallback
                0x0000000008009bc6        0x2 ./Drivers/STM32F4xx_HAL_Driver/Src/stm32f4xx_hal_i2c.o
                0x0000000008009bc6                HAL_I2C_MasterTxCpltCallback
 .text.HAL_I2C_MasterRxCpltCallback
                0x0000000008009bc8        0x2 ./Drivers/STM32F4xx_HAL_Driver/Src/stm32f4xx_hal_i2c.o
                0x0000000008009bc8                HAL_I2C_MasterRxCpltCallback
 .text.HAL_I2C_SlaveTxCpltCallback
                0x0000000008009bca        0x2 ./Drivers/STM32F4xx_HAL_Driver/Src/stm32f4xx_hal_i2c.o
                0x0000000008009bca                HAL_I2C_SlaveTxCpltCallback
 .text.I2C_SlaveTransmit_TXE
                0x0000000008009bcc       0x4c ./Drivers/STM32F4xx_HAL_Driver/Src/stm32f4xx_hal_i2c.o
 .text.I2C_SlaveReceive_RXNE
                0x0000000008009c18       0x4c ./Drivers/STM32F4xx_HAL_Driver/Src/stm32f4xx_hal_i2c.o
 .text.I2C_Slave_ADDR
                0x0000000008009c64       0x5a ./Drivers/STM32F4xx_HAL_Driver/Src/stm32f4xx_hal_i2c.o
 *fill*         0x0000000008009cbe        0x2 
 .text.I2C_Slave_AF
                0x0000000008009cc0       0xa0 ./Drivers/STM32F4xx_HAL_Driver/Src/stm32f4xx_hal_i2c.o
 .text.HAL_I2C_MemTxCpltCallback
                0x0000000008009d60        0x2 ./Drivers/STM32F4xx_HAL_Driver/Src/stm32f4xx_hal_i2c.o
                0x0000000008009d60                HAL_I2C_MemTxCpltCallback
 .text.I2C_MasterTransmit_BTF
                0x0000000008009d62       0x9e ./Drivers/STM32F4xx_HAL_Driver/Src/stm32f4xx_hal_i2c.o
 .text.I2C_MemoryTransmit_TXE_BTF
                0x0000000008009e00       0xc4 ./Drivers/STM32F4xx_HAL_Driver/Src/stm32f4xx_hal_i2c.o
 .text.I2C_MasterTransmit_TXE
                0x0000000008009ec4       0xd0 ./Drivers/STM32F4xx_HAL_Driver/Src/stm32f4xx_hal_i2c.o
 .text.HAL_I2C_MemRxCpltCallback
                0x0000000008009f94        0x2 ./Drivers/STM32F4xx_HAL_Driver/Src/stm32f4xx_hal_i2c.o
                0x0000000008009f94                HAL_I2C_MemRxCpltCallback
 .text.I2C_MasterReceive_BTF
                0x0000000008009f96      0x140 ./Drivers/STM32F4xx_HAL_Driver/Src/stm32f4xx_hal_i2c.o
 .text.I2C_MasterReceive_RXNE
                0x000000000800a0d6      0x106 ./Drivers/STM32F4xx_HAL_Driver/Src/stm32f4xx_hal_i2c.o
 .text.HAL_I2C_AbortCpltCallback
                0x000000000800a1dc        0x2 ./Drivers/STM32F4xx_HAL_Driver/Src/stm32f4xx_hal_i2c.o
                0x000000000800a1dc                HAL_I2C_AbortCpltCallback
 *fill*         0x000000000800a1de        0x2 
 .text.I2C_DMAAbort
                0x000000000800a1e0       0xe4 ./Drivers/STM32F4xx_HAL_Driver/Src/stm32f4xx_hal_i2c.o
 .text.I2C_ITError
                0x000000000800a2c4      0x178 ./Drivers/STM32F4xx_HAL_Driver/Src/stm32f4xx_hal_i2c.o
 .text.I2C_Slave_STOPF
                0x000000000800a43c      0x18c ./Drivers/STM32F4xx_HAL_Driver/Src/stm32f4xx_hal_i2c.o
 .text.HAL_I2C_EV_IRQHandler
                0x000000000800a5c8      0x1a0 ./Drivers/STM32F4xx_HAL_Driver/Src/stm32f4xx_hal_i2c.o
                0x000000000800a5c8                HAL_I2C_EV_IRQHandler
 .text.HAL_I2C_ER_IRQHandler
                0x000000000800a768       0xbc ./Drivers/STM32F4xx_HAL_Driver/Src/stm32f4xx_hal_i2c.o
                0x000000000800a768                HAL_I2C_ER_IRQHandler
 .text.HAL_I2C_GetError
                0x000000000800a824        0x4 ./Drivers/STM32F4xx_HAL_Driver/Src/stm32f4xx_hal_i2c.o
                0x000000000800a824                HAL_I2C_GetError
 .text.HAL_IWDG_Refresh
                0x000000000800a828        0xc ./Drivers/STM32F4xx_HAL_Driver/Src/stm32f4xx_hal_iwdg.o
                0x000000000800a828                HAL_IWDG_Refresh
 .text.HAL_PWREx_EnableOverDrive
                0x000000000800a834       0x7c ./Drivers/STM32F4xx_HAL_Driver/Src/stm32f4xx_hal_pwr_ex.o
                0x000000000800a834                HAL_PWREx_EnableOverDrive
 .text.HAL_RCC_MCOConfig
                0x000000000800a8b0       0x9c ./Drivers/STM32F4xx_HAL_Driver/Src/stm32f4xx_hal_rcc.o
                0x000000000800a8b0                HAL_RCC_MCOConfig
 .text.HAL_RCC_ClockConfig
                0x000000000800a94c      0x160 ./Drivers/STM32F4xx_HAL_Driver/Src/stm32f4xx_hal_rcc.o
                0x000000000800a94c                HAL_RCC_ClockConfig
 .text.HAL_RCC_GetHCLKFreq
                0x000000000800aaac        0xc ./Drivers/STM32F4xx_HAL_Driver/Src/stm32f4xx_hal_rcc.o
                0x000000000800aaac                HAL_RCC_GetHCLKFreq
 .text.HAL_RCC_GetPCLK1Freq
                0x000000000800aab8       0x20 ./Drivers/STM32F4xx_HAL_Driver/Src/stm32f4xx_hal_rcc.o
                0x000000000800aab8                HAL_RCC_GetPCLK1Freq
 .text.HAL_RCC_GetPCLK2Freq
                0x000000000800aad8       0x20 ./Drivers/STM32F4xx_HAL_Driver/Src/stm32f4xx_hal_rcc.o
                0x000000000800aad8                HAL_RCC_GetPCLK2Freq
 .text.HAL_RCCEx_PeriphCLKConfig
                0x000000000800aaf8      0x474 ./Drivers/STM32F4xx_HAL_Driver/Src/stm32f4xx_hal_rcc_ex.o
                0x000000000800aaf8                HAL_RCCEx_PeriphCLKConfig
 .text.HAL_RCCEx_GetPeriphCLKFreq
                0x000000000800af6c      0x308 ./Drivers/STM32F4xx_HAL_Driver/Src/stm32f4xx_hal_rcc_ex.o
                0x000000000800af6c                HAL_RCCEx_GetPeriphCLKFreq
 .text.HAL_RCC_GetSysClockFreq
                0x000000000800b274      0x190 ./Drivers/STM32F4xx_HAL_Driver/Src/stm32f4xx_hal_rcc_ex.o
                0x000000000800b274                HAL_RCC_GetSysClockFreq
 .text.HAL_RCC_OscConfig
                0x000000000800b404      0x44c ./Drivers/STM32F4xx_HAL_Driver/Src/stm32f4xx_hal_rcc_ex.o
                0x000000000800b404                HAL_RCC_OscConfig
 .text.SAI_InitI2S
                0x000000000800b850       0xcc ./Drivers/STM32F4xx_HAL_Driver/Src/stm32f4xx_hal_sai.o
 .text.SAI_InitPCM
                0x000000000800b91c       0x92 ./Drivers/STM32F4xx_HAL_Driver/Src/stm32f4xx_hal_sai.o
 .text.SAI_InterruptFlag
                0x000000000800b9ae       0x34 ./Drivers/STM32F4xx_HAL_Driver/Src/stm32f4xx_hal_sai.o
 *fill*         0x000000000800b9e2        0x2 
 .text.SAI_Disable
                0x000000000800b9e4       0x44 ./Drivers/STM32F4xx_HAL_Driver/Src/stm32f4xx_hal_sai.o
 .text.HAL_SAI_Init
                0x000000000800ba28      0x18c ./Drivers/STM32F4xx_HAL_Driver/Src/stm32f4xx_hal_sai.o
                0x000000000800ba28                HAL_SAI_Init
 .text.HAL_SAI_InitProtocol
                0x000000000800bbb4       0x2a ./Drivers/STM32F4xx_HAL_Driver/Src/stm32f4xx_hal_sai.o
                0x000000000800bbb4                HAL_SAI_InitProtocol
 *fill*         0x000000000800bbde        0x2 
 .text.HAL_SAI_Transmit_DMA
                0x000000000800bbe0      0x108 ./Drivers/STM32F4xx_HAL_Driver/Src/stm32f4xx_hal_sai.o
                0x000000000800bbe0                HAL_SAI_Transmit_DMA
 .text.HAL_SAI_Receive_DMA
                0x000000000800bce8       0xc4 ./Drivers/STM32F4xx_HAL_Driver/Src/stm32f4xx_hal_sai.o
                0x000000000800bce8                HAL_SAI_Receive_DMA
 .text.HAL_SAI_TxCpltCallback
                0x000000000800bdac        0x2 ./Drivers/STM32F4xx_HAL_Driver/Src/stm32f4xx_hal_sai.o
                0x000000000800bdac                HAL_SAI_TxCpltCallback
 .text.SAI_DMATxCplt
                0x000000000800bdae       0x3a ./Drivers/STM32F4xx_HAL_Driver/Src/stm32f4xx_hal_sai.o
 .text.HAL_SAI_TxHalfCpltCallback
                0x000000000800bde8        0x2 ./Drivers/STM32F4xx_HAL_Driver/Src/stm32f4xx_hal_sai.o
                0x000000000800bde8                HAL_SAI_TxHalfCpltCallback
 .text.SAI_DMATxHalfCplt
                0x000000000800bdea        0xa ./Drivers/STM32F4xx_HAL_Driver/Src/stm32f4xx_hal_sai.o
 .text.SAI_DMARxCplt
                0x000000000800bdf4       0x3a ./Drivers/STM32F4xx_HAL_Driver/Src/stm32f4xx_hal_sai.o
 .text.SAI_DMARxHalfCplt
                0x000000000800be2e        0xa ./Drivers/STM32F4xx_HAL_Driver/Src/stm32f4xx_hal_sai.o
 .text.HAL_SAI_ErrorCallback
                0x000000000800be38        0x2 ./Drivers/STM32F4xx_HAL_Driver/Src/stm32f4xx_hal_sai.o
                0x000000000800be38                HAL_SAI_ErrorCallback
 .text.SAI_DMAError
                0x000000000800be3a       0x46 ./Drivers/STM32F4xx_HAL_Driver/Src/stm32f4xx_hal_sai.o
 .text.SAI_BlockSynchroConfig
                0x000000000800be80       0x48 ./Drivers/STM32F4xx_HAL_Driver/Src/stm32f4xx_hal_sai_ex.o
                0x000000000800be80                SAI_BlockSynchroConfig
 .text.SAI_GetInputClock
                0x000000000800bec8       0x24 ./Drivers/STM32F4xx_HAL_Driver/Src/stm32f4xx_hal_sai_ex.o
                0x000000000800bec8                SAI_GetInputClock
 .text.HAL_SPI_Init
                0x000000000800beec       0xbe ./Drivers/STM32F4xx_HAL_Driver/Src/stm32f4xx_hal_spi.o
                0x000000000800beec                HAL_SPI_Init
 *fill*         0x000000000800bfaa        0x2 
 .text.HAL_TIM_Base_Start_IT
                0x000000000800bfac       0x88 ./Drivers/STM32F4xx_HAL_Driver/Src/stm32f4xx_hal_tim.o
                0x000000000800bfac                HAL_TIM_Base_Start_IT
 .text.HAL_TIM_OC_DelayElapsedCallback
                0x000000000800c034        0x2 ./Drivers/STM32F4xx_HAL_Driver/Src/stm32f4xx_hal_tim.o
                0x000000000800c034                HAL_TIM_OC_DelayElapsedCallback
 .text.HAL_TIM_IC_CaptureCallback
                0x000000000800c036        0x2 ./Drivers/STM32F4xx_HAL_Driver/Src/stm32f4xx_hal_tim.o
                0x000000000800c036                HAL_TIM_IC_CaptureCallback
 .text.HAL_TIM_PWM_PulseFinishedCallback
                0x000000000800c038        0x2 ./Drivers/STM32F4xx_HAL_Driver/Src/stm32f4xx_hal_tim.o
                0x000000000800c038                HAL_TIM_PWM_PulseFinishedCallback
 .text.HAL_TIM_TriggerCallback
                0x000000000800c03a        0x2 ./Drivers/STM32F4xx_HAL_Driver/Src/stm32f4xx_hal_tim.o
                0x000000000800c03a                HAL_TIM_TriggerCallback
 .text.HAL_TIM_IRQHandler
                0x000000000800c03c      0x15e ./Drivers/STM32F4xx_HAL_Driver/Src/stm32f4xx_hal_tim.o
                0x000000000800c03c                HAL_TIM_IRQHandler
 *fill*         0x000000000800c19a        0x2 
 .text.TIM_Base_SetConfig
                0x000000000800c19c       0xd8 ./Drivers/STM32F4xx_HAL_Driver/Src/stm32f4xx_hal_tim.o
                0x000000000800c19c                TIM_Base_SetConfig
 .text.HAL_TIM_Base_Init
                0x000000000800c274       0x58 ./Drivers/STM32F4xx_HAL_Driver/Src/stm32f4xx_hal_tim.o
                0x000000000800c274                HAL_TIM_Base_Init
 .text.HAL_TIMEx_CommutCallback
                0x000000000800c2cc        0x2 ./Drivers/STM32F4xx_HAL_Driver/Src/stm32f4xx_hal_tim_ex.o
                0x000000000800c2cc                HAL_TIMEx_CommutCallback
 .text.HAL_TIMEx_BreakCallback
                0x000000000800c2ce        0x2 ./Drivers/STM32F4xx_HAL_Driver/Src/stm32f4xx_hal_tim_ex.o
                0x000000000800c2ce                HAL_TIMEx_BreakCallback
 .text.UART_SetConfig
                0x000000000800c2d0      0x110 ./Drivers/STM32F4xx_HAL_Driver/Src/stm32f4xx_hal_uart.o
 .text.HAL_UART_Init
                0x000000000800c3e0       0x60 ./Drivers/STM32F4xx_HAL_Driver/Src/stm32f4xx_hal_uart.o
                0x000000000800c3e0                HAL_UART_Init
 .text.arm_cmplx_mult_cmplx_f32
                0x000000000800c440      0x194 ../Middlewares/ST/ARM/DSP/Lib\libarm_cortexM4lf_math.a(arm_cmplx_mult_cmplx_f32.o)
                0x000000000800c440                arm_cmplx_mult_cmplx_f32
 .text.arm_cmplx_mag_squared_f32
                0x000000000800c5d4       0xe0 ../Middlewares/ST/ARM/DSP/Lib\libarm_cortexM4lf_math.a(arm_cmplx_mag_squared_f32.o)
                0x000000000800c5d4                arm_cmplx_mag_squared_f32
 .text.arm_mult_f32
                0x000000000800c6b4       0xb4 ../Middlewares/ST/ARM/DSP/Lib\libarm_cortexM4lf_math.a(arm_mult_f32.o)
                0x000000000800c6b4                arm_mult_f32
 .text.arm_dot_prod_f32
                0x000000000800c768       0xb0 ../Middlewares/ST/ARM/DSP/Lib\libarm_cortexM4lf_math.a(arm_dot_prod_f32.o)
                0x000000000800c768                arm_dot_prod_f32
 .text.malloc   0x000000000800c818       0x10 C:/ST/STM32CubeIDE_1.10.1/STM32CubeIDE/plugins/com.st.stm32cube.ide.mcu.externaltools.gnu-tools-for-stm32.11.3.rel1.win32_1.1.100.202309141235/tools/bin/../lib/gcc/arm-none-eabi/11.3.1/../../../../arm-none-eabi/lib/thumb/v7e-m+fp/hard\libc_nano.a(libc_a-malloc.o)
                0x000000000800c818                malloc
 .text.sbrk_aligned
                0x000000000800c828       0x40 C:/ST/STM32CubeIDE_1.10.1/STM32CubeIDE/plugins/com.st.stm32cube.ide.mcu.externaltools.gnu-tools-for-stm32.11.3.rel1.win32_1.1.100.202309141235/tools/bin/../lib/gcc/arm-none-eabi/11.3.1/../../../../arm-none-eabi/lib/thumb/v7e-m+fp/hard\libc_nano.a(libc_a-mallocr.o)
 .text._malloc_r
                0x000000000800c868      0x100 C:/ST/STM32CubeIDE_1.10.1/STM32CubeIDE/plugins/com.st.stm32cube.ide.mcu.externaltools.gnu-tools-for-stm32.11.3.rel1.win32_1.1.100.202309141235/tools/bin/../lib/gcc/arm-none-eabi/11.3.1/../../../../arm-none-eabi/lib/thumb/v7e-m+fp/hard\libc_nano.a(libc_a-mallocr.o)
                0x000000000800c868                _malloc_r
 .text.__malloc_lock
                0x000000000800c968        0xc C:/ST/STM32CubeIDE_1.10.1/STM32CubeIDE/plugins/com.st.stm32cube.ide.mcu.externaltools.gnu-tools-for-stm32.11.3.rel1.win32_1.1.100.202309141235/tools/bin/../lib/gcc/arm-none-eabi/11.3.1/../../../../arm-none-eabi/lib/thumb/v7e-m+fp/hard\libc_nano.a(libc_a-mlock.o)
                0x000000000800c968                __malloc_lock
 .text.__malloc_unlock
                0x000000000800c974        0xc C:/ST/STM32CubeIDE_1.10.1/STM32CubeIDE/plugins/com.st.stm32cube.ide.mcu.externaltools.gnu-tools-for-stm32.11.3.rel1.win32_1.1.100.202309141235/tools/bin/../lib/gcc/arm-none-eabi/11.3.1/../../../../arm-none-eabi/lib/thumb/v7e-m+fp/hard\libc_nano.a(libc_a-mlock.o)
                0x000000000800c974                __malloc_unlock
 .text.memset   0x000000000800c980       0x10 C:/ST/STM32CubeIDE_1.10.1/STM32CubeIDE/plugins/com.st.stm32cube.ide.mcu.externaltools.gnu-tools-for-stm32.11.3.rel1.win32_1.1.100.202309141235/tools/bin/../lib/gcc/arm-none-eabi/11.3.1/../../../../arm-none-eabi/lib/thumb/v7e-m+fp/hard\libc_nano.a(libc_a-memset.o)
                0x000000000800c980                memset
 .text._sbrk_r  0x000000000800c990       0x20 C:/ST/STM32CubeIDE_1.10.1/STM32CubeIDE/plugins/com.st.stm32cube.ide.mcu.externaltools.gnu-tools-for-stm32.11.3.rel1.win32_1.1.100.202309141235/tools/bin/../lib/gcc/arm-none-eabi/11.3.1/../../../../arm-none-eabi/lib/thumb/v7e-m+fp/hard\libc_nano.a(libc_a-sbrkr.o)
                0x000000000800c990                _sbrk_r
 .text.__errno  0x000000000800c9b0        0xc C:/ST/STM32CubeIDE_1.10.1/STM32CubeIDE/plugins/com.st.stm32cube.ide.mcu.externaltools.gnu-tools-for-stm32.11.3.rel1.win32_1.1.100.202309141235/tools/bin/../lib/gcc/arm-none-eabi/11.3.1/../../../../arm-none-eabi/lib/thumb/v7e-m+fp/hard\libc_nano.a(libc_a-errno.o)
                0x000000000800c9b0                __errno
 .text.__libc_init_array
                0x000000000800c9bc       0x48 C:/ST/STM32CubeIDE_1.10.1/STM32CubeIDE/plugins/com.st.stm32cube.ide.mcu.externaltools.gnu-tools-for-stm32.11.3.rel1.win32_1.1.100.202309141235/tools/bin/../lib/gcc/arm-none-eabi/11.3.1/../../../../arm-none-eabi/lib/thumb/v7e-m+fp/hard\libc_nano.a(libc_a-init.o)
                0x000000000800c9bc                __libc_init_array
 .text.__retarget_lock_acquire_recursive
                0x000000000800ca04        0x2 C:/ST/STM32CubeIDE_1.10.1/STM32CubeIDE/plugins/com.st.stm32cube.ide.mcu.externaltools.gnu-tools-for-stm32.11.3.rel1.win32_1.1.100.202309141235/tools/bin/../lib/gcc/arm-none-eabi/11.3.1/../../../../arm-none-eabi/lib/thumb/v7e-m+fp/hard\libc_nano.a(libc_a-lock.o)
                0x000000000800ca04                __retarget_lock_acquire_recursive
 .text.__retarget_lock_release_recursive
                0x000000000800ca06        0x2 C:/ST/STM32CubeIDE_1.10.1/STM32CubeIDE/plugins/com.st.stm32cube.ide.mcu.externaltools.gnu-tools-for-stm32.11.3.rel1.win32_1.1.100.202309141235/tools/bin/../lib/gcc/arm-none-eabi/11.3.1/../../../../arm-none-eabi/lib/thumb/v7e-m+fp/hard\libc_nano.a(libc_a-lock.o)
                0x000000000800ca06                __retarget_lock_release_recursive
 .text.atan     0x000000000800ca08      0x340 C:/ST/STM32CubeIDE_1.10.1/STM32CubeIDE/plugins/com.st.stm32cube.ide.mcu.externaltools.gnu-tools-for-stm32.11.3.rel1.win32_1.1.100.202309141235/tools/bin/../lib/gcc/arm-none-eabi/11.3.1/../../../../arm-none-eabi/lib/thumb/v7e-m+fp/hard\libm.a(libm_a-s_atan.o)
                0x000000000800ca08                atan
 .text.fabs     0x000000000800cd48       0x12 C:/ST/STM32CubeIDE_1.10.1/STM32CubeIDE/plugins/com.st.stm32cube.ide.mcu.externaltools.gnu-tools-for-stm32.11.3.rel1.win32_1.1.100.202309141235/tools/bin/../lib/gcc/arm-none-eabi/11.3.1/../../../../arm-none-eabi/lib/thumb/v7e-m+fp/hard\libm.a(libm_a-s_fabs.o)
                0x000000000800cd48                fabs
 *fill*         0x000000000800cd5a        0x6 
 .text.sin      0x000000000800cd60       0xb0 C:/ST/STM32CubeIDE_1.10.1/STM32CubeIDE/plugins/com.st.stm32cube.ide.mcu.externaltools.gnu-tools-for-stm32.11.3.rel1.win32_1.1.100.202309141235/tools/bin/../lib/gcc/arm-none-eabi/11.3.1/../../../../arm-none-eabi/lib/thumb/v7e-m+fp/hard\libm.a(libm_a-s_sin.o)
                0x000000000800cd60                sin
 .text.expf     0x000000000800ce10       0x6c C:/ST/STM32CubeIDE_1.10.1/STM32CubeIDE/plugins/com.st.stm32cube.ide.mcu.externaltools.gnu-tools-for-stm32.11.3.rel1.win32_1.1.100.202309141235/tools/bin/../lib/gcc/arm-none-eabi/11.3.1/../../../../arm-none-eabi/lib/thumb/v7e-m+fp/hard\libm.a(libm_a-wf_exp.o)
                0x000000000800ce10                expf
 .text.logf     0x000000000800ce7c       0x5c C:/ST/STM32CubeIDE_1.10.1/STM32CubeIDE/plugins/com.st.stm32cube.ide.mcu.externaltools.gnu-tools-for-stm32.11.3.rel1.win32_1.1.100.202309141235/tools/bin/../lib/gcc/arm-none-eabi/11.3.1/../../../../arm-none-eabi/lib/thumb/v7e-m+fp/hard\libm.a(libm_a-wf_log.o)
                0x000000000800ce7c                logf
 .text.powf     0x000000000800ced8       0xae C:/ST/STM32CubeIDE_1.10.1/STM32CubeIDE/plugins/com.st.stm32cube.ide.mcu.externaltools.gnu-tools-for-stm32.11.3.rel1.win32_1.1.100.202309141235/tools/bin/../lib/gcc/arm-none-eabi/11.3.1/../../../../arm-none-eabi/lib/thumb/v7e-m+fp/hard\libm.a(libm_a-wf_pow.o)
                0x000000000800ced8                powf
 *fill*         0x000000000800cf86        0x2 
 .text.sqrtf    0x000000000800cf88       0x3c C:/ST/STM32CubeIDE_1.10.1/STM32CubeIDE/plugins/com.st.stm32cube.ide.mcu.externaltools.gnu-tools-for-stm32.11.3.rel1.win32_1.1.100.202309141235/tools/bin/../lib/gcc/arm-none-eabi/11.3.1/../../../../arm-none-eabi/lib/thumb/v7e-m+fp/hard\libm.a(libm_a-wf_sqrt.o)
                0x000000000800cf88                sqrtf
 .text.cosf     0x000000000800cfc4       0x88 C:/ST/STM32CubeIDE_1.10.1/STM32CubeIDE/plugins/com.st.stm32cube.ide.mcu.externaltools.gnu-tools-for-stm32.11.3.rel1.win32_1.1.100.202309141235/tools/bin/../lib/gcc/arm-none-eabi/11.3.1/../../../../arm-none-eabi/lib/thumb/v7e-m+fp/hard\libm.a(libm_a-sf_cos.o)
                0x000000000800cfc4                cosf
 .text.sinf     0x000000000800d04c       0x8c C:/ST/STM32CubeIDE_1.10.1/STM32CubeIDE/plugins/com.st.stm32cube.ide.mcu.externaltools.gnu-tools-for-stm32.11.3.rel1.win32_1.1.100.202309141235/tools/bin/../lib/gcc/arm-none-eabi/11.3.1/../../../../arm-none-eabi/lib/thumb/v7e-m+fp/hard\libm.a(libm_a-sf_sin.o)
                0x000000000800d04c                sinf
 .text.finitef  0x000000000800d0d8       0x1a C:/ST/STM32CubeIDE_1.10.1/STM32CubeIDE/plugins/com.st.stm32cube.ide.mcu.externaltools.gnu-tools-for-stm32.11.3.rel1.win32_1.1.100.202309141235/tools/bin/../lib/gcc/arm-none-eabi/11.3.1/../../../../arm-none-eabi/lib/thumb/v7e-m+fp/hard\libm.a(libm_a-sf_finite.o)
                0x000000000800d0d8                finitef
 *fill*         0x000000000800d0f2        0x2 
 .text.nanf     0x000000000800d0f4        0xc C:/ST/STM32CubeIDE_1.10.1/STM32CubeIDE/plugins/com.st.stm32cube.ide.mcu.externaltools.gnu-tools-for-stm32.11.3.rel1.win32_1.1.100.202309141235/tools/bin/../lib/gcc/arm-none-eabi/11.3.1/../../../../arm-none-eabi/lib/thumb/v7e-m+fp/hard\libm.a(libm_a-sf_nan.o)
                0x000000000800d0f4                nanf
 .text.__ieee754_sqrtf
                0x000000000800d100        0x6 C:/ST/STM32CubeIDE_1.10.1/STM32CubeIDE/plugins/com.st.stm32cube.ide.mcu.externaltools.gnu-tools-for-stm32.11.3.rel1.win32_1.1.100.202309141235/tools/bin/../lib/gcc/arm-none-eabi/11.3.1/../../../../arm-none-eabi/lib/thumb/v7e-m+fp/hard\libm.a(libm_a-ef_sqrt.o)
                0x000000000800d100                __ieee754_sqrtf
 *fill*         0x000000000800d106        0x2 
 .text.floor    0x000000000800d108      0x100 C:/ST/STM32CubeIDE_1.10.1/STM32CubeIDE/plugins/com.st.stm32cube.ide.mcu.externaltools.gnu-tools-for-stm32.11.3.rel1.win32_1.1.100.202309141235/tools/bin/../lib/gcc/arm-none-eabi/11.3.1/../../../../arm-none-eabi/lib/thumb/v7e-m+fp/hard\libm.a(libm_a-s_floor.o)
                0x000000000800d108                floor
 .text.floorf   0x000000000800d208       0x84 C:/ST/STM32CubeIDE_1.10.1/STM32CubeIDE/plugins/com.st.stm32cube.ide.mcu.externaltools.gnu-tools-for-stm32.11.3.rel1.win32_1.1.100.202309141235/tools/bin/../lib/gcc/arm-none-eabi/11.3.1/../../../../arm-none-eabi/lib/thumb/v7e-m+fp/hard\libm.a(libm_a-sf_floor.o)
                0x000000000800d208                floorf
 *fill*         0x000000000800d28c        0x4 
 .text.__kernel_cos
                0x000000000800d290      0x18c C:/ST/STM32CubeIDE_1.10.1/STM32CubeIDE/plugins/com.st.stm32cube.ide.mcu.externaltools.gnu-tools-for-stm32.11.3.rel1.win32_1.1.100.202309141235/tools/bin/../lib/gcc/arm-none-eabi/11.3.1/../../../../arm-none-eabi/lib/thumb/v7e-m+fp/hard\libm.a(libm_a-k_cos.o)
                0x000000000800d290                __kernel_cos
 *fill*         0x000000000800d41c        0x4 
 .text.__kernel_sin
                0x000000000800d420      0x17c C:/ST/STM32CubeIDE_1.10.1/STM32CubeIDE/plugins/com.st.stm32cube.ide.mcu.externaltools.gnu-tools-for-stm32.11.3.rel1.win32_1.1.100.202309141235/tools/bin/../lib/gcc/arm-none-eabi/11.3.1/../../../../arm-none-eabi/lib/thumb/v7e-m+fp/hard\libm.a(libm_a-k_sin.o)
                0x000000000800d420                __kernel_sin
 *fill*         0x000000000800d59c        0x4 
 .text.__ieee754_rem_pio2
                0x000000000800d5a0      0x40c C:/ST/STM32CubeIDE_1.10.1/STM32CubeIDE/plugins/com.st.stm32cube.ide.mcu.externaltools.gnu-tools-for-stm32.11.3.rel1.win32_1.1.100.202309141235/tools/bin/../lib/gcc/arm-none-eabi/11.3.1/../../../../arm-none-eabi/lib/thumb/v7e-m+fp/hard\libm.a(libm_a-e_rem_pio2.o)
                0x000000000800d5a0                __ieee754_rem_pio2
 .text.__kernel_cosf
                0x000000000800d9ac       0xbc C:/ST/STM32CubeIDE_1.10.1/STM32CubeIDE/plugins/com.st.stm32cube.ide.mcu.externaltools.gnu-tools-for-stm32.11.3.rel1.win32_1.1.100.202309141235/tools/bin/../lib/gcc/arm-none-eabi/11.3.1/../../../../arm-none-eabi/lib/thumb/v7e-m+fp/hard\libm.a(libm_a-kf_cos.o)
                0x000000000800d9ac                __kernel_cosf
 .text.__kernel_sinf
                0x000000000800da68       0x90 C:/ST/STM32CubeIDE_1.10.1/STM32CubeIDE/plugins/com.st.stm32cube.ide.mcu.externaltools.gnu-tools-for-stm32.11.3.rel1.win32_1.1.100.202309141235/tools/bin/../lib/gcc/arm-none-eabi/11.3.1/../../../../arm-none-eabi/lib/thumb/v7e-m+fp/hard\libm.a(libm_a-kf_sin.o)
                0x000000000800da68                __kernel_sinf
 .text.__ieee754_expf
                0x000000000800daf8      0x19c C:/ST/STM32CubeIDE_1.10.1/STM32CubeIDE/plugins/com.st.stm32cube.ide.mcu.externaltools.gnu-tools-for-stm32.11.3.rel1.win32_1.1.100.202309141235/tools/bin/../lib/gcc/arm-none-eabi/11.3.1/../../../../arm-none-eabi/lib/thumb/v7e-m+fp/hard\libm.a(libm_a-ef_exp.o)
                0x000000000800daf8                __ieee754_expf
 .text.__ieee754_logf
                0x000000000800dc94      0x1e4 C:/ST/STM32CubeIDE_1.10.1/STM32CubeIDE/plugins/com.st.stm32cube.ide.mcu.externaltools.gnu-tools-for-stm32.11.3.rel1.win32_1.1.100.202309141235/tools/bin/../lib/gcc/arm-none-eabi/11.3.1/../../../../arm-none-eabi/lib/thumb/v7e-m+fp/hard\libm.a(libm_a-ef_log.o)
                0x000000000800dc94                __ieee754_logf
 .text.__ieee754_powf
                0x000000000800de78      0x594 C:/ST/STM32CubeIDE_1.10.1/STM32CubeIDE/plugins/com.st.stm32cube.ide.mcu.externaltools.gnu-tools-for-stm32.11.3.rel1.win32_1.1.100.202309141235/tools/bin/../lib/gcc/arm-none-eabi/11.3.1/../../../../arm-none-eabi/lib/thumb/v7e-m+fp/hard\libm.a(libm_a-ef_pow.o)
                0x000000000800de78                __ieee754_powf
 .text.__ieee754_rem_pio2f
                0x000000000800e40c      0x258 C:/ST/STM32CubeIDE_1.10.1/STM32CubeIDE/plugins/com.st.stm32cube.ide.mcu.externaltools.gnu-tools-for-stm32.11.3.rel1.win32_1.1.100.202309141235/tools/bin/../lib/gcc/arm-none-eabi/11.3.1/../../../../arm-none-eabi/lib/thumb/v7e-m+fp/hard\libm.a(libm_a-ef_rem_pio2.o)
                0x000000000800e40c                __ieee754_rem_pio2f
 .text.fabsf    0x000000000800e664        0xe C:/ST/STM32CubeIDE_1.10.1/STM32CubeIDE/plugins/com.st.stm32cube.ide.mcu.externaltools.gnu-tools-for-stm32.11.3.rel1.win32_1.1.100.202309141235/tools/bin/../lib/gcc/arm-none-eabi/11.3.1/../../../../arm-none-eabi/lib/thumb/v7e-m+fp/hard\libm.a(libm_a-sf_fabs.o)
                0x000000000800e664                fabsf
 *fill*         0x000000000800e672        0x2 
 .text.scalbnf  0x000000000800e674       0xcc C:/ST/STM32CubeIDE_1.10.1/STM32CubeIDE/plugins/com.st.stm32cube.ide.mcu.externaltools.gnu-tools-for-stm32.11.3.rel1.win32_1.1.100.202309141235/tools/bin/../lib/gcc/arm-none-eabi/11.3.1/../../../../arm-none-eabi/lib/thumb/v7e-m+fp/hard\libm.a(libm_a-sf_scalbn.o)
                0x000000000800e674                scalbnf
 .text.with_errnof
                0x000000000800e740       0x16 C:/ST/STM32CubeIDE_1.10.1/STM32CubeIDE/plugins/com.st.stm32cube.ide.mcu.externaltools.gnu-tools-for-stm32.11.3.rel1.win32_1.1.100.202309141235/tools/bin/../lib/gcc/arm-none-eabi/11.3.1/../../../../arm-none-eabi/lib/thumb/v7e-m+fp/hard\libm.a(libm_a-math_errf.o)
 .text.xflowf   0x000000000800e756       0x16 C:/ST/STM32CubeIDE_1.10.1/STM32CubeIDE/plugins/com.st.stm32cube.ide.mcu.externaltools.gnu-tools-for-stm32.11.3.rel1.win32_1.1.100.202309141235/tools/bin/../lib/gcc/arm-none-eabi/11.3.1/../../../../arm-none-eabi/lib/thumb/v7e-m+fp/hard\libm.a(libm_a-math_errf.o)
 .text.__math_uflowf
                0x000000000800e76c        0xc C:/ST/STM32CubeIDE_1.10.1/STM32CubeIDE/plugins/com.st.stm32cube.ide.mcu.externaltools.gnu-tools-for-stm32.11.3.rel1.win32_1.1.100.202309141235/tools/bin/../lib/gcc/arm-none-eabi/11.3.1/../../../../arm-none-eabi/lib/thumb/v7e-m+fp/hard\libm.a(libm_a-math_errf.o)
                0x000000000800e76c                __math_uflowf
 .text.__math_oflowf
                0x000000000800e778        0xc C:/ST/STM32CubeIDE_1.10.1/STM32CubeIDE/plugins/com.st.stm32cube.ide.mcu.externaltools.gnu-tools-for-stm32.11.3.rel1.win32_1.1.100.202309141235/tools/bin/../lib/gcc/arm-none-eabi/11.3.1/../../../../arm-none-eabi/lib/thumb/v7e-m+fp/hard\libm.a(libm_a-math_errf.o)
                0x000000000800e778                __math_oflowf
 *fill*         0x000000000800e784        0x4 
 .text.__kernel_rem_pio2
                0x000000000800e788      0x69c C:/ST/STM32CubeIDE_1.10.1/STM32CubeIDE/plugins/com.st.stm32cube.ide.mcu.externaltools.gnu-tools-for-stm32.11.3.rel1.win32_1.1.100.202309141235/tools/bin/../lib/gcc/arm-none-eabi/11.3.1/../../../../arm-none-eabi/lib/thumb/v7e-m+fp/hard\libm.a(libm_a-k_rem_pio2.o)
                0x000000000800e788                __kernel_rem_pio2
 .text.__kernel_rem_pio2f
                0x000000000800ee24      0x4e4 C:/ST/STM32CubeIDE_1.10.1/STM32CubeIDE/plugins/com.st.stm32cube.ide.mcu.externaltools.gnu-tools-for-stm32.11.3.rel1.win32_1.1.100.202309141235/tools/bin/../lib/gcc/arm-none-eabi/11.3.1/../../../../arm-none-eabi/lib/thumb/v7e-m+fp/hard\libm.a(libm_a-kf_rem_pio2.o)
                0x000000000800ee24                __kernel_rem_pio2f
 .text.scalbn   0x000000000800f308       0xfc C:/ST/STM32CubeIDE_1.10.1/STM32CubeIDE/plugins/com.st.stm32cube.ide.mcu.externaltools.gnu-tools-for-stm32.11.3.rel1.win32_1.1.100.202309141235/tools/bin/../lib/gcc/arm-none-eabi/11.3.1/../../../../arm-none-eabi/lib/thumb/v7e-m+fp/hard\libm.a(libm_a-s_scalbn.o)
                0x000000000800f308                scalbn
 *(.glue_7)
 .glue_7        0x000000000800f404        0x0 linker stubs
 *(.glue_7t)
 .glue_7t       0x000000000800f404        0x0 linker stubs
 *(.eh_frame)
 .eh_frame      0x000000000800f404        0x0 C:/ST/STM32CubeIDE_1.10.1/STM32CubeIDE/plugins/com.st.stm32cube.ide.mcu.externaltools.gnu-tools-for-stm32.11.3.rel1.win32_1.1.100.202309141235/tools/bin/../lib/gcc/arm-none-eabi/11.3.1/thumb/v7e-m+fp/hard/crtbegin.o
 *(.init)
 .init          0x000000000800f404        0x4 C:/ST/STM32CubeIDE_1.10.1/STM32CubeIDE/plugins/com.st.stm32cube.ide.mcu.externaltools.gnu-tools-for-stm32.11.3.rel1.win32_1.1.100.202309141235/tools/bin/../lib/gcc/arm-none-eabi/11.3.1/thumb/v7e-m+fp/hard/crti.o
                0x000000000800f404                _init
 .init          0x000000000800f408        0x8 C:/ST/STM32CubeIDE_1.10.1/STM32CubeIDE/plugins/com.st.stm32cube.ide.mcu.externaltools.gnu-tools-for-stm32.11.3.rel1.win32_1.1.100.202309141235/tools/bin/../lib/gcc/arm-none-eabi/11.3.1/thumb/v7e-m+fp/hard/crtn.o
 *(.fini)
 .fini          0x000000000800f410        0x4 C:/ST/STM32CubeIDE_1.10.1/STM32CubeIDE/plugins/com.st.stm32cube.ide.mcu.externaltools.gnu-tools-for-stm32.11.3.rel1.win32_1.1.100.202309141235/tools/bin/../lib/gcc/arm-none-eabi/11.3.1/thumb/v7e-m+fp/hard/crti.o
                0x000000000800f410                _fini
 .fini          0x000000000800f414        0x8 C:/ST/STM32CubeIDE_1.10.1/STM32CubeIDE/plugins/com.st.stm32cube.ide.mcu.externaltools.gnu-tools-for-stm32.11.3.rel1.win32_1.1.100.202309141235/tools/bin/../lib/gcc/arm-none-eabi/11.3.1/thumb/v7e-m+fp/hard/crtn.o
                0x000000000800f41c                . = ALIGN (0x4)
                0x000000000800f41c                _etext = .

.vfp11_veneer   0x000000000800f41c        0x0
 .vfp11_veneer  0x000000000800f41c        0x0 linker stubs

.v4_bx          0x000000000800f41c        0x0
 .v4_bx         0x000000000800f41c        0x0 linker stubs

.iplt           0x000000000800f41c        0x0
 .iplt          0x000000000800f41c        0x0 C:/ST/STM32CubeIDE_1.10.1/STM32CubeIDE/plugins/com.st.stm32cube.ide.mcu.externaltools.gnu-tools-for-stm32.11.3.rel1.win32_1.1.100.202309141235/tools/bin/../lib/gcc/arm-none-eabi/11.3.1/thumb/v7e-m+fp/hard/crtbegin.o

.rodata         0x000000000800f420      0x6a8
                0x000000000800f420                . = ALIGN (0x4)
 *(.rodata)
 *(.rodata*)
 .rodata.table.0
                0x000000000800f420       0x54 ./Core/STM32_AcousticEC_Library/Src/preprocess.o
 .rodata.ntryh.1
                0x000000000800f474       0x10 ./Core/STM32_AcousticEC_Library/Src/smallft.o
 .rodata.AHBPrescTable
                0x000000000800f484       0x10 ./Core/Src/system_stm32f4xx.o
                0x000000000800f484                AHBPrescTable
 .rodata.APBPrescTable
                0x000000000800f494        0x8 ./Core/Src/system_stm32f4xx.o
                0x000000000800f494                APBPrescTable
 .rodata.flagBitshiftOffset.0
                0x000000000800f49c        0x8 ./Drivers/STM32F4xx_HAL_Driver/Src/stm32f4xx_hal_dma.o
 *fill*         0x000000000800f4a4        0x4 
 .rodata.atanhi
                0x000000000800f4a8       0x20 C:/ST/STM32CubeIDE_1.10.1/STM32CubeIDE/plugins/com.st.stm32cube.ide.mcu.externaltools.gnu-tools-for-stm32.11.3.rel1.win32_1.1.100.202309141235/tools/bin/../lib/gcc/arm-none-eabi/11.3.1/../../../../arm-none-eabi/lib/thumb/v7e-m+fp/hard\libm.a(libm_a-s_atan.o)
 .rodata.atanlo
                0x000000000800f4c8       0x20 C:/ST/STM32CubeIDE_1.10.1/STM32CubeIDE/plugins/com.st.stm32cube.ide.mcu.externaltools.gnu-tools-for-stm32.11.3.rel1.win32_1.1.100.202309141235/tools/bin/../lib/gcc/arm-none-eabi/11.3.1/../../../../arm-none-eabi/lib/thumb/v7e-m+fp/hard\libm.a(libm_a-s_atan.o)
 .rodata.logf.str1.1
                0x000000000800f4e8        0x1 C:/ST/STM32CubeIDE_1.10.1/STM32CubeIDE/plugins/com.st.stm32cube.ide.mcu.externaltools.gnu-tools-for-stm32.11.3.rel1.win32_1.1.100.202309141235/tools/bin/../lib/gcc/arm-none-eabi/11.3.1/../../../../arm-none-eabi/lib/thumb/v7e-m+fp/hard\libm.a(libm_a-wf_log.o)
 *fill*         0x000000000800f4e9        0x3 
 .rodata.npio2_hw
                0x000000000800f4ec       0x80 C:/ST/STM32CubeIDE_1.10.1/STM32CubeIDE/plugins/com.st.stm32cube.ide.mcu.externaltools.gnu-tools-for-stm32.11.3.rel1.win32_1.1.100.202309141235/tools/bin/../lib/gcc/arm-none-eabi/11.3.1/../../../../arm-none-eabi/lib/thumb/v7e-m+fp/hard\libm.a(libm_a-e_rem_pio2.o)
 .rodata.two_over_pi
                0x000000000800f56c      0x108 C:/ST/STM32CubeIDE_1.10.1/STM32CubeIDE/plugins/com.st.stm32cube.ide.mcu.externaltools.gnu-tools-for-stm32.11.3.rel1.win32_1.1.100.202309141235/tools/bin/../lib/gcc/arm-none-eabi/11.3.1/../../../../arm-none-eabi/lib/thumb/v7e-m+fp/hard\libm.a(libm_a-e_rem_pio2.o)
 .rodata.halF   0x000000000800f674        0x8 C:/ST/STM32CubeIDE_1.10.1/STM32CubeIDE/plugins/com.st.stm32cube.ide.mcu.externaltools.gnu-tools-for-stm32.11.3.rel1.win32_1.1.100.202309141235/tools/bin/../lib/gcc/arm-none-eabi/11.3.1/../../../../arm-none-eabi/lib/thumb/v7e-m+fp/hard\libm.a(libm_a-ef_exp.o)
 .rodata.ln2HI  0x000000000800f67c        0x8 C:/ST/STM32CubeIDE_1.10.1/STM32CubeIDE/plugins/com.st.stm32cube.ide.mcu.externaltools.gnu-tools-for-stm32.11.3.rel1.win32_1.1.100.202309141235/tools/bin/../lib/gcc/arm-none-eabi/11.3.1/../../../../arm-none-eabi/lib/thumb/v7e-m+fp/hard\libm.a(libm_a-ef_exp.o)
 .rodata.ln2LO  0x000000000800f684        0x8 C:/ST/STM32CubeIDE_1.10.1/STM32CubeIDE/plugins/com.st.stm32cube.ide.mcu.externaltools.gnu-tools-for-stm32.11.3.rel1.win32_1.1.100.202309141235/tools/bin/../lib/gcc/arm-none-eabi/11.3.1/../../../../arm-none-eabi/lib/thumb/v7e-m+fp/hard\libm.a(libm_a-ef_exp.o)
 .rodata.bp     0x000000000800f68c        0x8 C:/ST/STM32CubeIDE_1.10.1/STM32CubeIDE/plugins/com.st.stm32cube.ide.mcu.externaltools.gnu-tools-for-stm32.11.3.rel1.win32_1.1.100.202309141235/tools/bin/../lib/gcc/arm-none-eabi/11.3.1/../../../../arm-none-eabi/lib/thumb/v7e-m+fp/hard\libm.a(libm_a-ef_pow.o)
 .rodata.dp_h   0x000000000800f694        0x8 C:/ST/STM32CubeIDE_1.10.1/STM32CubeIDE/plugins/com.st.stm32cube.ide.mcu.externaltools.gnu-tools-for-stm32.11.3.rel1.win32_1.1.100.202309141235/tools/bin/../lib/gcc/arm-none-eabi/11.3.1/../../../../arm-none-eabi/lib/thumb/v7e-m+fp/hard\libm.a(libm_a-ef_pow.o)
 .rodata.dp_l   0x000000000800f69c        0x8 C:/ST/STM32CubeIDE_1.10.1/STM32CubeIDE/plugins/com.st.stm32cube.ide.mcu.externaltools.gnu-tools-for-stm32.11.3.rel1.win32_1.1.100.202309141235/tools/bin/../lib/gcc/arm-none-eabi/11.3.1/../../../../arm-none-eabi/lib/thumb/v7e-m+fp/hard\libm.a(libm_a-ef_pow.o)
 .rodata.npio2_hw
                0x000000000800f6a4       0x80 C:/ST/STM32CubeIDE_1.10.1/STM32CubeIDE/plugins/com.st.stm32cube.ide.mcu.externaltools.gnu-tools-for-stm32.11.3.rel1.win32_1.1.100.202309141235/tools/bin/../lib/gcc/arm-none-eabi/11.3.1/../../../../arm-none-eabi/lib/thumb/v7e-m+fp/hard\libm.a(libm_a-ef_rem_pio2.o)
 .rodata.two_over_pi
                0x000000000800f724      0x318 C:/ST/STM32CubeIDE_1.10.1/STM32CubeIDE/plugins/com.st.stm32cube.ide.mcu.externaltools.gnu-tools-for-stm32.11.3.rel1.win32_1.1.100.202309141235/tools/bin/../lib/gcc/arm-none-eabi/11.3.1/../../../../arm-none-eabi/lib/thumb/v7e-m+fp/hard\libm.a(libm_a-ef_rem_pio2.o)
 *fill*         0x000000000800fa3c        0x4 
 .rodata.PIo2   0x000000000800fa40       0x40 C:/ST/STM32CubeIDE_1.10.1/STM32CubeIDE/plugins/com.st.stm32cube.ide.mcu.externaltools.gnu-tools-for-stm32.11.3.rel1.win32_1.1.100.202309141235/tools/bin/../lib/gcc/arm-none-eabi/11.3.1/../../../../arm-none-eabi/lib/thumb/v7e-m+fp/hard\libm.a(libm_a-k_rem_pio2.o)
 .rodata.init_jk
                0x000000000800fa80       0x10 C:/ST/STM32CubeIDE_1.10.1/STM32CubeIDE/plugins/com.st.stm32cube.ide.mcu.externaltools.gnu-tools-for-stm32.11.3.rel1.win32_1.1.100.202309141235/tools/bin/../lib/gcc/arm-none-eabi/11.3.1/../../../../arm-none-eabi/lib/thumb/v7e-m+fp/hard\libm.a(libm_a-k_rem_pio2.o)
 .rodata.PIo2   0x000000000800fa90       0x2c C:/ST/STM32CubeIDE_1.10.1/STM32CubeIDE/plugins/com.st.stm32cube.ide.mcu.externaltools.gnu-tools-for-stm32.11.3.rel1.win32_1.1.100.202309141235/tools/bin/../lib/gcc/arm-none-eabi/11.3.1/../../../../arm-none-eabi/lib/thumb/v7e-m+fp/hard\libm.a(libm_a-kf_rem_pio2.o)
 .rodata.init_jk
                0x000000000800fabc        0xc C:/ST/STM32CubeIDE_1.10.1/STM32CubeIDE/plugins/com.st.stm32cube.ide.mcu.externaltools.gnu-tools-for-stm32.11.3.rel1.win32_1.1.100.202309141235/tools/bin/../lib/gcc/arm-none-eabi/11.3.1/../../../../arm-none-eabi/lib/thumb/v7e-m+fp/hard\libm.a(libm_a-kf_rem_pio2.o)
                0x000000000800fac8                . = ALIGN (0x4)

.ARM.extab      0x000000000800fac8        0x0
                0x000000000800fac8                . = ALIGN (0x4)
 *(.ARM.extab* .gnu.linkonce.armextab.*)
                0x000000000800fac8                . = ALIGN (0x4)

.ARM            0x000000000800fac8        0x8
                0x000000000800fac8                . = ALIGN (0x4)
                0x000000000800fac8                __exidx_start = .
 *(.ARM.exidx*)
 .ARM.exidx     0x000000000800fac8        0x8 C:/ST/STM32CubeIDE_1.10.1/STM32CubeIDE/plugins/com.st.stm32cube.ide.mcu.externaltools.gnu-tools-for-stm32.11.3.rel1.win32_1.1.100.202309141235/tools/bin/../lib/gcc/arm-none-eabi/11.3.1/thumb/v7e-m+fp/hard\libgcc.a(_udivmoddi4.o)
                0x000000000800fad0                __exidx_end = .
                0x000000000800fad0                . = ALIGN (0x4)

.rel.dyn        0x000000000800fad0        0x0
 .rel.iplt      0x000000000800fad0        0x0 C:/ST/STM32CubeIDE_1.10.1/STM32CubeIDE/plugins/com.st.stm32cube.ide.mcu.externaltools.gnu-tools-for-stm32.11.3.rel1.win32_1.1.100.202309141235/tools/bin/../lib/gcc/arm-none-eabi/11.3.1/thumb/v7e-m+fp/hard/crtbegin.o

.preinit_array  0x000000000800fad0        0x0
                0x000000000800fad0                . = ALIGN (0x4)
                0x000000000800fad0                PROVIDE (__preinit_array_start = .)
 *(.preinit_array*)
                0x000000000800fad0                PROVIDE (__preinit_array_end = .)
                0x000000000800fad0                . = ALIGN (0x4)

.init_array     0x000000000800fad0        0x4
                0x000000000800fad0                . = ALIGN (0x4)
                0x000000000800fad0                PROVIDE (__init_array_start = .)
 *(SORT_BY_NAME(.init_array.*))
 *(.init_array*)
 .init_array    0x000000000800fad0        0x4 C:/ST/STM32CubeIDE_1.10.1/STM32CubeIDE/plugins/com.st.stm32cube.ide.mcu.externaltools.gnu-tools-for-stm32.11.3.rel1.win32_1.1.100.202309141235/tools/bin/../lib/gcc/arm-none-eabi/11.3.1/thumb/v7e-m+fp/hard/crtbegin.o
                0x000000000800fad4                PROVIDE (__init_array_end = .)
                0x000000000800fad4                . = ALIGN (0x4)

.fini_array     0x000000000800fad4        0x4
                0x000000000800fad4                . = ALIGN (0x4)
                [!provide]                        PROVIDE (__fini_array_start = .)
 *(SORT_BY_NAME(.fini_array.*))
 *(.fini_array*)
 .fini_array    0x000000000800fad4        0x4 C:/ST/STM32CubeIDE_1.10.1/STM32CubeIDE/plugins/com.st.stm32cube.ide.mcu.externaltools.gnu-tools-for-stm32.11.3.rel1.win32_1.1.100.202309141235/tools/bin/../lib/gcc/arm-none-eabi/11.3.1/thumb/v7e-m+fp/hard/crtbegin.o
                [!provide]                        PROVIDE (__fini_array_end = .)
                0x000000000800fad8                . = ALIGN (0x4)
                0x000000000800fad8                _sidata = LOADADDR (.data)

.data           0x0000000020000000       0xc8 load address 0x000000000800fad8
                0x0000000020000000                . = ALIGN (0x4)
                0x0000000020000000                _sdata = .
 *(.data)
 *(.data*)
 .data.SystemCoreClock
                0x0000000020000000        0x4 ./Core/Src/system_stm32f4xx.o
                0x0000000020000000                SystemCoreClock
 .data.data     0x0000000020000004        0x8 ./Core/digitpoti/digitpoti.o
                0x0000000020000004                data
 .data.digipotiAttValues
                0x000000002000000c       0x52 ./Core/digitpoti/digitpoti.o
                0x000000002000000c                digipotiAttValues
 *fill*         0x000000002000005e        0x2 
 .data.TxData   0x0000000020000060       0x10 ./Core/digitpoti/i2c_slave.o
                0x0000000020000060                TxData
 .data.uwTickFreq
                0x0000000020000070        0x1 ./Drivers/STM32F4xx_HAL_Driver/Src/stm32f4xx_hal.o
                0x0000000020000070                uwTickFreq
 *fill*         0x0000000020000071        0x3 
 .data.uwTickPrio
                0x0000000020000074        0x4 ./Drivers/STM32F4xx_HAL_Driver/Src/stm32f4xx_hal.o
                0x0000000020000074                uwTickPrio
 .data._impure_data
                0x0000000020000078       0x4c C:/ST/STM32CubeIDE_1.10.1/STM32CubeIDE/plugins/com.st.stm32cube.ide.mcu.externaltools.gnu-tools-for-stm32.11.3.rel1.win32_1.1.100.202309141235/tools/bin/../lib/gcc/arm-none-eabi/11.3.1/../../../../arm-none-eabi/lib/thumb/v7e-m+fp/hard\libc_nano.a(libc_a-impure.o)
                0x0000000020000078                _impure_data
 .data._impure_ptr
                0x00000000200000c4        0x4 C:/ST/STM32CubeIDE_1.10.1/STM32CubeIDE/plugins/com.st.stm32cube.ide.mcu.externaltools.gnu-tools-for-stm32.11.3.rel1.win32_1.1.100.202309141235/tools/bin/../lib/gcc/arm-none-eabi/11.3.1/../../../../arm-none-eabi/lib/thumb/v7e-m+fp/hard\libc_nano.a(libc_a-impure.o)
                0x00000000200000c4                _impure_ptr
 *(.RamFunc)
 *(.RamFunc*)
                0x00000000200000c8                . = ALIGN (0x4)
                0x00000000200000c8                _edata = .

.igot.plt       0x00000000200000c8        0x0 load address 0x000000000800fba0
 .igot.plt      0x00000000200000c8        0x0 C:/ST/STM32CubeIDE_1.10.1/STM32CubeIDE/plugins/com.st.stm32cube.ide.mcu.externaltools.gnu-tools-for-stm32.11.3.rel1.win32_1.1.100.202309141235/tools/bin/../lib/gcc/arm-none-eabi/11.3.1/thumb/v7e-m+fp/hard/crtbegin.o
                0x00000000200000c8                . = ALIGN (0x4)

.bss            0x00000000200000c8      0xa74 load address 0x000000000800fba0
                0x00000000200000c8                _sbss = .
                0x00000000200000c8                __bss_start__ = _sbss
 *(.bss)
 .bss           0x00000000200000c8       0x1c C:/ST/STM32CubeIDE_1.10.1/STM32CubeIDE/plugins/com.st.stm32cube.ide.mcu.externaltools.gnu-tools-for-stm32.11.3.rel1.win32_1.1.100.202309141235/tools/bin/../lib/gcc/arm-none-eabi/11.3.1/thumb/v7e-m+fp/hard/crtbegin.o
 *(.bss*)
 .bss.EchoConfigInstance
                0x00000000200000e4       0x18 ./Core/Src/main.o
                0x00000000200000e4                EchoConfigInstance
 .bss.EchoHandlerInstance
                0x00000000200000fc       0x18 ./Core/Src/main.o
                0x00000000200000fc                EchoHandlerInstance
 .bss.MicMaxVal
                0x0000000020000114        0x2 ./Core/Src/main.o
                0x0000000020000114                MicMaxVal
 *fill*         0x0000000020000116        0x2 
 .bss.MicMaxVals
                0x0000000020000118       0x14 ./Core/Src/main.o
                0x0000000020000118                MicMaxVals
 .bss.MicMaxValsPtr
                0x000000002000012c        0x1 ./Core/Src/main.o
                0x000000002000012c                MicMaxValsPtr
 *fill*         0x000000002000012d        0x3 
 .bss.Micbuff   0x0000000020000130       0x40 ./Core/Src/main.o
                0x0000000020000130                Micbuff
 .bss.OutMaxVal
                0x0000000020000170        0x2 ./Core/Src/main.o
                0x0000000020000170                OutMaxVal
 *fill*         0x0000000020000172        0x2 
 .bss.OutMaxVals
                0x0000000020000174       0x14 ./Core/Src/main.o
                0x0000000020000174                OutMaxVals
 .bss.OutMaxValsPtr
                0x0000000020000188        0x1 ./Core/Src/main.o
                0x0000000020000188                OutMaxValsPtr
 *fill*         0x0000000020000189        0x3 
 .bss.Outbuff   0x000000002000018c       0x40 ./Core/Src/main.o
                0x000000002000018c                Outbuff
 .bss.RefMaxVal
                0x00000000200001cc        0x2 ./Core/Src/main.o
                0x00000000200001cc                RefMaxVal
 *fill*         0x00000000200001ce        0x2 
 .bss.RefMaxVals
                0x00000000200001d0       0x14 ./Core/Src/main.o
                0x00000000200001d0                RefMaxVals
 .bss.RefMaxValsPtr
                0x00000000200001e4        0x1 ./Core/Src/main.o
                0x00000000200001e4                RefMaxValsPtr
 *fill*         0x00000000200001e5        0x3 
 .bss.Refbuff   0x00000000200001e8       0x40 ./Core/Src/main.o
                0x00000000200001e8                Refbuff
 .bss.buffer    0x0000000020000228       0x40 ./Core/Src/main.o
                0x0000000020000228                buffer
 .bss.buffer2   0x0000000020000268       0x40 ./Core/Src/main.o
                0x0000000020000268                buffer2
 .bss.digitpoti
                0x00000000200002a8        0x4 ./Core/Src/main.o
                0x00000000200002a8                digitpoti
 .bss.echoOut1  0x00000000200002ac       0x20 ./Core/Src/main.o
                0x00000000200002ac                echoOut1
 .bss.echoOut2  0x00000000200002cc       0x20 ./Core/Src/main.o
                0x00000000200002cc                echoOut2
 .bss.hadc1     0x00000000200002ec       0x48 ./Core/Src/main.o
                0x00000000200002ec                hadc1
 .bss.hadc2     0x0000000020000334       0x48 ./Core/Src/main.o
                0x0000000020000334                hadc2
 .bss.hcan1     0x000000002000037c       0x28 ./Core/Src/main.o
                0x000000002000037c                hcan1
 .bss.hdma_sai1_a
                0x00000000200003a4       0x60 ./Core/Src/main.o
                0x00000000200003a4                hdma_sai1_a
 .bss.hdma_sai1_b
                0x0000000020000404       0x60 ./Core/Src/main.o
                0x0000000020000404                hdma_sai1_b
 .bss.hi2c1     0x0000000020000464       0x54 ./Core/Src/main.o
                0x0000000020000464                hi2c1
 .bss.hi2c3     0x00000000200004b8       0x54 ./Core/Src/main.o
                0x00000000200004b8                hi2c3
 .bss.hiwdg     0x000000002000050c        0xc ./Core/Src/main.o
                0x000000002000050c                hiwdg
 .bss.hsai_BlockA1
                0x0000000020000518       0x88 ./Core/Src/main.o
                0x0000000020000518                hsai_BlockA1
 .bss.hsai_BlockB1
                0x00000000200005a0       0x88 ./Core/Src/main.o
                0x00000000200005a0                hsai_BlockB1
 .bss.hspi2     0x0000000020000628       0x58 ./Core/Src/main.o
                0x0000000020000628                hspi2
 .bss.htim14    0x0000000020000680       0x48 ./Core/Src/main.o
                0x0000000020000680                htim14
 .bss.huart2    0x00000000200006c8       0x48 ./Core/Src/main.o
                0x00000000200006c8                huart2
 .bss.inAbuff1  0x0000000020000710       0x20 ./Core/Src/main.o
                0x0000000020000710                inAbuff1
 .bss.inAbuff2  0x0000000020000730       0x20 ./Core/Src/main.o
                0x0000000020000730                inAbuff2
 .bss.inBbuff1  0x0000000020000750       0x20 ./Core/Src/main.o
                0x0000000020000750                inBbuff1
 .bss.inBbuff2  0x0000000020000770       0x20 ./Core/Src/main.o
                0x0000000020000770                inBbuff2
 .bss.inbuff    0x0000000020000790      0x100 ./Core/Src/main.o
                0x0000000020000790                inbuff
 .bss.outbuff   0x0000000020000890      0x100 ./Core/Src/main.o
                0x0000000020000890                outbuff
 .bss.ret       0x0000000020000990        0x1 ./Core/Src/main.o
                0x0000000020000990                ret
 .bss.savepotiflag
                0x0000000020000991        0x1 ./Core/Src/main.o
                0x0000000020000991                savepotiflag