../Core/Src/stm32f4xx_hal_msp.c:64:6:HAL_MspInit	8	static
../Core/Src/stm32f4xx_hal_msp.c:86:6:HAL_ADC_MspInit	48	static
../Core/Src/stm32f4xx_hal_msp.c:140:6:HAL_ADC_MspDeInit	8	static
../Core/Src/stm32f4xx_hal_msp.c:185:6:HAL_CAN_MspInit	40	static
../Core/Src/stm32f4xx_hal_msp.c:221:6:HAL_CAN_MspDeInit	8	static
../Core/Src/stm32f4xx_hal_msp.c:250:6:HAL_I2C_MspInit	64	static
../Core/Src/stm32f4xx_hal_msp.c:323:6:HAL_I2C_MspDeInit	8	static
../Core/Src/stm32f4xx_hal_msp.c:377:6:HAL_SPI_MspInit	56	static
../Core/Src/stm32f4xx_hal_msp.c:422:6:HAL_SPI_MspDeInit	8	static
../Core/Src/stm32f4xx_hal_msp.c:454:6:HAL_TIM_Base_MspInit	16	static
../Core/Src/stm32f4xx_hal_msp.c:479:6:HAL_TIM_Base_MspDeInit	8	static
../Core/Src/stm32f4xx_hal_msp.c:504:6:HAL_UART_MspInit	40	static
../Core/Src/stm32f4xx_hal_msp.c:540:6:HAL_UART_MspDeInit	8	static
../Core/Src/stm32f4xx_hal_msp.c:569:6:HAL_SAI_MspInit	56	static
../Core/Src/stm32f4xx_hal_msp.c:677:6:HAL_SAI_MspDeInit	8	static
